<html>
<body>
<pre>
<h1>µVision Build Log</h1>
<h2>Tool Versions:</h2>
IDE-Version: ¶ÃVision V5.25.3.0
Copyright (C) 2018 ARM Ltd and ARM Germany GmbH. All rights reserved.
License Information: 123 123, 123, LIC=EXJT4-F405M-Z96G9-48KHE-MI3FS-AY5Y4
 
Tool Versions:
Toolchain:       MDK-ARM Plus  Version: 5.14.0.0
Toolchain Path:  C:\Keil_v5\ARM\ARMCC\Bin
C Compiler:      Armcc.exe V5.05 update 1 (build 106)
Assembler:       Armasm.exe V5.05 update 1 (build 106)
Linker/Locator:  ArmLink.exe V5.05 update 1 (build 106)
Library Manager: ArmAr.exe V5.05 update 1 (build 106)
Hex Converter:   FromElf.exe V5.05 update 1 (build 106)
CPU DLL:         SARMCM3.DLL V5.14.0.0
Dialog DLL:      DCM.DLL V1.13.1.0
Target DLL:      CMSIS_AGDI.dll V1.21.0.0
Dialog DLL:      TCM.DLL V1.14.4.0
 
<h2>Project:</h2>
C:\Users\WangPu\Desktop\RapidDevelopmentTemplate\RapidDevelopmentTemplate\USER\USART.uvprojx
Project File Date:  12/05/2023

<h2>Output:</h2>
*** Using Compiler 'V5.05 update 1 (build 106)', folder: 'C:\Keil_v5\ARM\ARMCC\Bin'
Build target 'USART'
compiling HardwareIIC.c...
compiling delay.c...
compiling system_stm32f10x.c...
compiling main.c...
main.c(11): warning:  #223-D: function "IIC_Init" declared implicitly
  	IIC_Init(); /* ≥ı ºªØIIC */
main.c(16): warning:  #167-D: argument of type "char *" is incompatible with parameter of type "u8 *"
  	LCD_Print(0, 0, Show_Temp, TYPE16X16, TYPE8X16);
main.c: 2 warnings, 0 errors
compiling stm32f10x_it.c...
compiling SoftwareIIC.c...
compiling oled.c...
compiling sys.c...
compiling misc.c...
compiling usart1.c...
..\SYSTEM\usart1\usart1.c(85): warning:  #177-D: variable "Res" was declared but never referenced
  	u8 Res = 0;
..\SYSTEM\usart1\usart1.c: 1 warning, 0 errors
compiling stm32f10x_gpio.c...
compiling usart2.c...
..\SYSTEM\usart2\usart2.c(82): warning:  #177-D: variable "Res" was declared but never referenced
  	u8 Res = 0;
..\SYSTEM\usart2\usart2.c: 1 warning, 0 errors
compiling stm32f10x_rcc.c...
compiling stm32f10x_usart.c...
compiling stm32f10x_dma.c...
compiling stm32f10x_adc.c...
compiling stm32f10x_i2c.c...
compiling core_cm3.c...
linking...
Program Size: Code=8768 RO-data=3124 RW-data=56 ZI-data=1112  
FromELF: creating hex file...
"..\OBJ\USART.axf" - 0 Error(s), 4 Warning(s).

<h2>Software Packages used:</h2>

Package Vendor: Keil
                http://www.keil.com/pack/Keil.STM32F1xx_DFP.2.2.0.pack
                Keil.STM32F1xx_DFP.2.2.0
                STMicroelectronics STM32F1 Series Device Support, Drivers and Examples

<h2>Collection of Component include folders:</h2>
  .\RTE\_USART
  C:\Keil_v5\ARM\PACK\Keil\STM32F1xx_DFP\2.2.0\Device\Include

<h2>Collection of Component Files used:</h2>
Build Time Elapsed:  00:00:07
</pre>
</body>
</html>
