Component: ARM Compiler 5.05 update 1 (build 106) Tool: armlink [4d0efa]

==============================================================================

Section Cross References

    main.o(.text) refers to _printf_percent.o(.ARM.Collect$$_printf_percent$$00000000) for _printf_percent
    main.o(.text) refers to _printf_f.o(.ARM.Collect$$_printf_percent$$00000003) for _printf_f
    main.o(.text) refers to printf1.o(x$fpl$printf1) for _printf_fp_dec
    main.o(.text) refers to _printf_d.o(.ARM.Collect$$_printf_percent$$00000009) for _printf_d
    main.o(.text) refers to _printf_dec.o(.text) for _printf_int_dec
    main.o(.text) refers to stm32f10x_rcc.o(.text) for RCC_APB2PeriphClockCmd
    main.o(.text) refers to stm32f10x_gpio.o(.text) for GPIO_Init
    main.o(.text) refers to strlen.o(.text) for strlen
    main.o(.text) refers to usart1.o(.text) for usart1_send_string
    main.o(.text) refers to rt_memclr_w.o(.text) for __aeabi_memclr4
    main.o(.text) refers to soil.o(.text) for Get_Adc
    main.o(.text) refers to fflt_clz.o(x$fpl$ffltu) for __aeabi_ui2f
    main.o(.text) refers to fdiv.o(x$fpl$fdiv) for __aeabi_fdiv
    main.o(.text) refers to f2d.o(x$fpl$f2d) for __aeabi_f2d
    main.o(.text) refers to dmul.o(x$fpl$dmul) for __aeabi_dmul
    main.o(.text) refers to d2f.o(x$fpl$d2f) for __aeabi_d2f
    main.o(.text) refers to delay.o(.text) for delay_ms
    main.o(.text) refers to frleqf.o(x$fpl$frleqf) for __aeabi_cfrcmple
    main.o(.text) refers to misc.o(.text) for NVIC_PriorityGroupConfig
    main.o(.text) refers to oled.o(.text) for OLED_Init
    main.o(.text) refers to aht10.o(.text) for AHT10_Init
    main.o(.text) refers to usart2.o(.text) for uart2_init
    main.o(.text) refers to led.o(.text) for LED_Init
    main.o(.text) refers to noretval__2sprintf.o(.text) for __2sprintf
    main.o(.text) refers to aeabi_memset.o(.text) for __aeabi_memset
    main.o(.text) refers to drleqf.o(x$fpl$drleqf) for __aeabi_cdrcmple
    main.o(.text) refers to noretval__2printf.o(.text) for __2printf
    main.o(.text) refers to usart1.o(.bss) for USART1_RX_BUF
    main.o(.text) refers to usart2.o(.bss) for USART2_RX_BUF
    main.o(.text) refers to main.o(.data) for Fire_Range
    main.o(.text) refers to main.o(.conststring) for .conststring
    system_stm32f10x.o(.text) refers to system_stm32f10x.o(.data) for SystemCoreClock
    led.o(.text) refers to stm32f10x_rcc.o(.text) for RCC_APB2PeriphClockCmd
    led.o(.text) refers to stm32f10x_gpio.o(.text) for GPIO_Init
    key.o(.text) refers to stm32f10x_rcc.o(.text) for RCC_APB2PeriphClockCmd
    key.o(.text) refers to stm32f10x_gpio.o(.text) for GPIO_Init
    key.o(.text) refers to delay.o(.text) for delay_ms
    key.o(.text) refers to key.o(.data) for key_up
    aht10.o(.text) refers to stm32f10x_i2c.o(.text) for I2C_GetFlagStatus
    aht10.o(.text) refers to delay.o(.text) for delay_ms
    aht10.o(.text) refers to stm32f10x_rcc.o(.text) for RCC_APB1PeriphClockCmd
    aht10.o(.text) refers to stm32f10x_gpio.o(.text) for GPIO_Init
    aht10.o(.text) refers to dflt_clz.o(x$fpl$dfltu) for __aeabi_ui2d
    aht10.o(.text) refers to dmul.o(x$fpl$dmul) for __aeabi_dmul
    aht10.o(.text) refers to ddiv.o(x$fpl$ddiv) for __aeabi_ddiv
    aht10.o(.text) refers to d2f.o(x$fpl$d2f) for __aeabi_d2f
    aht10.o(.text) refers to daddsub_clz.o(x$fpl$dsub) for __aeabi_dsub
    oled.o(.text) refers to stm32f10x_rcc.o(.text) for RCC_APB1PeriphClockCmd
    oled.o(.text) refers to stm32f10x_gpio.o(.text) for GPIO_Init
    oled.o(.text) refers to stm32f10x_i2c.o(.text) for I2C_DeInit
    oled.o(.text) refers to oled.o(.constdata) for F16x16
    soil.o(.text) refers to stm32f10x_rcc.o(.text) for RCC_APB2PeriphClockCmd
    soil.o(.text) refers to stm32f10x_gpio.o(.text) for GPIO_Init
    soil.o(.text) refers to stm32f10x_adc.o(.text) for ADC_DeInit
    soil.o(.text) refers to delay.o(.text) for delay_ms
    delay.o(.text) refers to misc.o(.text) for SysTick_CLKSourceConfig
    delay.o(.text) refers to system_stm32f10x.o(.data) for SystemCoreClock
    delay.o(.text) refers to delay.o(.data) for fac_us
    usart1.o(.text) refers (Special) to use_no_semi_2.o(.text) for __use_no_semihosting
    usart1.o(.text) refers to stm32f10x_rcc.o(.text) for RCC_AHBPeriphClockCmd
    usart1.o(.text) refers to stm32f10x_dma.o(.text) for DMA_DeInit
    usart1.o(.text) refers to stm32f10x_gpio.o(.text) for GPIO_Init
    usart1.o(.text) refers to misc.o(.text) for NVIC_Init
    usart1.o(.text) refers to stm32f10x_usart.o(.text) for USART_Init
    usart1.o(.text) refers to rt_memclr.o(.text) for __aeabi_memclr
    usart1.o(.text) refers to usart1.o(.bss) for USART1_RX_BUF
    usart1.o(.text) refers to usart1.o(.data) for Usart1_Receive_length
    usart1.o(.bss) refers (Special) to use_no_semi_2.o(.text) for __use_no_semihosting
    usart1.o(.data) refers (Special) to use_no_semi_2.o(.text) for __use_no_semihosting
    usart2.o(.text) refers to stm32f10x_rcc.o(.text) for RCC_AHBPeriphClockCmd
[...]
    ../clib/printf.c                         0x00000000   Number         0  __printf_nopercent.o ABSOLUTE
    ../clib/printf.c                         0x00000000   Number         0  _printf_fp_infnan.o ABSOLUTE
    ../clib/printf.c                         0x00000000   Number         0  __printf_flags.o ABSOLUTE
    ../clib/printf_percent.s                 0x00000000   Number         0  _printf_percent_end.o ABSOLUTE
    ../clib/printf_percent.s                 0x00000000   Number         0  _printf_percent.o ABSOLUTE
    ../clib/printf_percent.s                 0x00000000   Number         0  _printf_d.o ABSOLUTE
    ../clib/printf_percent.s                 0x00000000   Number         0  _printf_f.o ABSOLUTE
    ../clib/signal.c                         0x00000000   Number         0  defsig_rtmem_formal.o ABSOLUTE
    ../clib/signal.c                         0x00000000   Number         0  defsig_general.o ABSOLUTE
    ../clib/signal.c                         0x00000000   Number         0  __raise.o ABSOLUTE
    ../clib/signal.c                         0x00000000   Number         0  defsig_pvfn_inner.o ABSOLUTE
    ../clib/signal.c                         0x00000000   Number         0  defsig_rtmem_inner.o ABSOLUTE
    ../clib/signal.c                         0x00000000   Number         0  defsig_exit.o ABSOLUTE
    ../clib/signal.c                         0x00000000   Number         0  defsig_abrt_inner.o ABSOLUTE
    ../clib/signal.c                         0x00000000   Number         0  defsig_rtmem_outer.o ABSOLUTE
    ../clib/signal.c                         0x00000000   Number         0  defsig_cppl_inner.o ABSOLUTE
    ../clib/signal.c                         0x00000000   Number         0  defsig_fpe_inner.o ABSOLUTE
    ../clib/signal.c                         0x00000000   Number         0  defsig_segv_inner.o ABSOLUTE
    ../clib/signal.c                         0x00000000   Number         0  defsig_rtred_inner.o ABSOLUTE
    ../clib/signal.c                         0x00000000   Number         0  defsig_other.o ABSOLUTE
    ../clib/signal.c                         0x00000000   Number         0  defsig_stak_inner.o ABSOLUTE
    ../clib/signal.s                         0x00000000   Number         0  defsig.o ABSOLUTE
    ../clib/stdio.c                          0x00000000   Number         0  ferror_locked.o ABSOLUTE
    ../clib/stdio.c                          0x00000000   Number         0  ferror.o ABSOLUTE
    ../clib/stdlib.c                         0x00000000   Number         0  exit.o ABSOLUTE
    ../clib/string.c                         0x00000000   Number         0  strlen.o ABSOLUTE
    ../fplib/d2f.s                           0x00000000   Number         0  d2f.o ABSOLUTE
    ../fplib/daddsub.s                       0x00000000   Number         0  daddsub_clz.o ABSOLUTE
    ../fplib/dcmpi.s                         0x00000000   Number         0  dcmpi.o ABSOLUTE
    ../fplib/ddiv.s                          0x00000000   Number         0  ddiv.o ABSOLUTE
    ../fplib/dflt.s                          0x00000000   Number         0  dflt_clz.o ABSOLUTE
    ../fplib/dleqf.s                         0x00000000   Number         0  dleqf.o ABSOLUTE
    ../fplib/dmul.s                          0x00000000   Number         0  dmul.o ABSOLUTE
    ../fplib/dnaninf.s                       0x00000000   Number         0  dnaninf.o ABSOLUTE
    ../fplib/dretinf.s                       0x00000000   Number         0  dretinf.o ABSOLUTE
    ../fplib/drleqf.s                        0x00000000   Number         0  drleqf.o ABSOLUTE
    ../fplib/f2d.s                           0x00000000   Number         0  f2d.o ABSOLUTE
    ../fplib/fcmpi.s                         0x00000000   Number         0  fcmpi.o ABSOLUTE
    ../fplib/fdiv.s                          0x00000000   Number         0  fdiv.o ABSOLUTE
    ../fplib/fflt.s                          0x00000000   Number         0  fflt_clz.o ABSOLUTE
    ../fplib/fleqf.s                         0x00000000   Number         0  fleqf.o ABSOLUTE
    ../fplib/fnaninf.s                       0x00000000   Number         0  fnaninf.o ABSOLUTE
    ../fplib/fpinit.s                        0x00000000   Number         0  fpinit.o ABSOLUTE
    ../fplib/fretinf.s                       0x00000000   Number         0  fretinf.o ABSOLUTE
    ../fplib/frleqf.s                        0x00000000   Number         0  frleqf.o ABSOLUTE
    ../fplib/istatus.s                       0x00000000   Number         0  istatus.o ABSOLUTE
    ../fplib/printf1.s                       0x00000000   Number         0  printf1.o ABSOLUTE
    ../fplib/usenofp.s                       0x00000000   Number         0  usenofp.o ABSOLUTE
    ../mathlib/fpclassify.c                  0x00000000   Number         0  fpclassify.o ABSOLUTE
    ..\CORE\core_cm3.c                       0x00000000   Number         0  core_cm3.o ABSOLUTE
    ..\CORE\startup_stm32f10x_ld.s           0x00000000   Number         0  startup_stm32f10x_ld.o ABSOLUTE
    ..\HARDWARE\IIC\AHT10.c                  0x00000000   Number         0  aht10.o ABSOLUTE
    ..\HARDWARE\IIC\OLED.c                   0x00000000   Number         0  oled.o ABSOLUTE
    ..\HARDWARE\KEY\key.c                    0x00000000   Number         0  key.o ABSOLUTE
    ..\HARDWARE\LED\led.c                    0x00000000   Number         0  led.o ABSOLUTE
    ..\HARDWARE\SOIL\soil.c                  0x00000000   Number         0  soil.o ABSOLUTE
    ..\STM32F10x_FWLib\src\misc.c            0x00000000   Number         0  misc.o ABSOLUTE
    ..\STM32F10x_FWLib\src\stm32f10x_adc.c   0x00000000   Number         0  stm32f10x_adc.o ABSOLUTE
    ..\STM32F10x_FWLib\src\stm32f10x_dma.c   0x00000000   Number         0  stm32f10x_dma.o ABSOLUTE
    ..\STM32F10x_FWLib\src\stm32f10x_gpio.c  0x00000000   Number         0  stm32f10x_gpio.o ABSOLUTE
    ..\STM32F10x_FWLib\src\stm32f10x_i2c.c   0x00000000   Number         0  stm32f10x_i2c.o ABSOLUTE
    ..\STM32F10x_FWLib\src\stm32f10x_rcc.c   0x00000000   Number         0  stm32f10x_rcc.o ABSOLUTE
    ..\STM32F10x_FWLib\src\stm32f10x_usart.c 0x00000000   Number         0  stm32f10x_usart.o ABSOLUTE
    ..\SYSTEM\delay\delay.c                  0x00000000   Number         0  delay.o ABSOLUTE
    ..\SYSTEM\sys\sys.c                      0x00000000   Number         0  sys.o ABSOLUTE
    ..\SYSTEM\usart1\usart1.c                0x00000000   Number         0  usart1.o ABSOLUTE
    ..\SYSTEM\usart2\usart2.c                0x00000000   Number         0  usart2.o ABSOLUTE
    ..\\CORE\\core_cm3.c                     0x00000000   Number         0  core_cm3.o ABSOLUTE
    ..\\SYSTEM\\sys\\sys.c                   0x00000000   Number         0  sys.o ABSOLUTE
    dc.s                                     0x00000000   Number         0  dc.o ABSOLUTE
    main.c                                   0x00000000   Number         0  main.o ABSOLUTE
    stm32f10x_it.c                           0x00000000   Number         0  stm32f10x_it.o ABSOLUTE
    system_stm32f10x.c                       0x00000000   Number         0  system_stm32f10x.o ABSOLUTE
    RESET                                    0x08000000   Section      236  startup_stm32f10x_ld.o(RESET)
    !!!main                                  0x080000ec   Section        8  __main.o(!!!main)
    !!!scatter                               0x080000f4   Section       52  __scatter.o(!!!scatter)
    !!handler_copy                           0x08000128   Section       26  __scatter_copy.o(!!handler_copy)
    !!handler_zi                             0x08000144   Section       28  __scatter_zi.o(!!handler_zi)
    .ARM.Collect$$_printf_percent$$00000000  0x08000160   Section        0  _printf_percent.o(.ARM.Collect$$_printf_percent$$00000000)
    .ARM.Collect$$_printf_percent$$00000003  0x08000160   Section        6  _printf_f.o(.ARM.Collect$$_printf_percent$$00000003)
    .ARM.Collect$$_printf_percent$$00000009  0x08000166   Section        6  _printf_d.o(.ARM.Collect$$_printf_percent$$00000009)
    .ARM.Collect$$_printf_percent$$00000017  0x0800016c   Section        4  _printf_percent_end.o(.ARM.Collect$$_printf_percent$$00000017)
    .ARM.Collect$$libinit$$00000000          0x08000170   Section        2  libinit.o(.ARM.Collect$$libinit$$00000000)
    .ARM.Collect$$libinit$$00000002          0x08000172   Section        0  libinit2.o(.ARM.Collect$$libinit$$00000002)
    .ARM.Collect$$libinit$$00000004          0x08000172   Section        0  libinit2.o(.ARM.Collect$$libinit$$00000004)
    .ARM.Collect$$libinit$$0000000A          0x08000172   Section        0  libinit2.o(.ARM.Collect$$libinit$$0000000A)
    .ARM.Collect$$libinit$$0000000C          0x08000172   Section        0  libinit2.o(.ARM.Collect$$libinit$$0000000C)
    .ARM.Collect$$libinit$$0000000E          0x08000172   Section        0  libinit2.o(.ARM.Collect$$libinit$$0000000E)
    .ARM.Collect$$libinit$$0000000F          0x08000172   Section        6  libinit2.o(.ARM.Collect$$libinit$$0000000F)
    .ARM.Collect$$libinit$$00000011          0x08000178   Section        0  libinit2.o(.ARM.Collect$$libinit$$00000011)
    .ARM.Collect$$libinit$$00000013          0x08000178   Section        0  libinit2.o(.ARM.Collect$$libinit$$00000013)
    .ARM.Collect$$libinit$$00000015          0x08000178   Section        0  libinit2.o(.ARM.Collect$$libinit$$00000015)
    .ARM.Collect$$libinit$$00000016          0x08000178   Section       10  libinit2.o(.ARM.Collect$$libinit$$00000016)
    .ARM.Collect$$libinit$$00000017          0x08000182   Section        0  libinit2.o(.ARM.Collect$$libinit$$00000017)
    .ARM.Collect$$libinit$$00000019          0x08000182   Section        0  libinit2.o(.ARM.Collect$$libinit$$00000019)
    .ARM.Collect$$libinit$$0000001B          0x08000182   Section        0  libinit2.o(.ARM.Collect$$libinit$$0000001B)
    .ARM.Collect$$libinit$$0000001D          0x08000182   Section        0  libinit2.o(.ARM.Collect$$libinit$$0000001D)
    .ARM.Collect$$libinit$$0000001F          0x08000182   Section        0  libinit2.o(.ARM.Collect$$libinit$$0000001F)
    .ARM.Collect$$libinit$$00000021          0x08000182   Section        0  libinit2.o(.ARM.Collect$$libinit$$00000021)
    .ARM.Collect$$libinit$$00000023          0x08000182   Section        0  libinit2.o(.ARM.Collect$$libinit$$00000023)
    .ARM.Collect$$libinit$$00000025          0x08000182   Section        0  libinit2.o(.ARM.Collect$$libinit$$00000025)
    .ARM.Collect$$libinit$$0000002C          0x08000182   Section        0  libinit2.o(.ARM.Collect$$libinit$$0000002C)
    .ARM.Collect$$libinit$$0000002E          0x08000182   Section        0  libinit2.o(.ARM.Collect$$libinit$$0000002E)
    .ARM.Collect$$libinit$$00000030          0x08000182   Section        0  libinit2.o(.ARM.Collect$$libinit$$00000030)
    .ARM.Collect$$libinit$$00000032          0x08000182   Section        0  libinit2.o(.ARM.Collect$$libinit$$00000032)
    .ARM.Collect$$libinit$$00000033          0x08000182   Section        2  libinit2.o(.ARM.Collect$$libinit$$00000033)
    .ARM.Collect$$libshutdown$$00000000      0x08000184   Section        2  libshutdown.o(.ARM.Collect$$libshutdown$$00000000)
    .ARM.Collect$$libshutdown$$00000003      0x08000186   Section        0  libshutdown2.o(.ARM.Collect$$libshutdown$$00000003)
    .ARM.Collect$$libshutdown$$00000006      0x08000186   Section        0  libshutdown2.o(.ARM.Collect$$libshutdown$$00000006)
    .ARM.Collect$$libshutdown$$00000009      0x08000186   Section        0  libshutdown2.o(.ARM.Collect$$libshutdown$$00000009)
    .ARM.Collect$$libshutdown$$0000000B      0x08000186   Section        0  libshutdown2.o(.ARM.Collect$$libshutdown$$0000000B)
    .ARM.Collect$$libshutdown$$0000000E      0x08000186   Section        0  libshutdown2.o(.ARM.Collect$$libshutdown$$0000000E)
    .ARM.Collect$$libshutdown$$0000000F      0x08000186   Section        2  libshutdown2.o(.ARM.Collect$$libshutdown$$0000000F)
    .ARM.Collect$$rtentry$$00000000          0x08000188   Section        0  __rtentry.o(.ARM.Collect$$rtentry$$00000000)
    .ARM.Collect$$rtentry$$00000002          0x08000188   Section        0  __rtentry2.o(.ARM.Collect$$rtentry$$00000002)
    .ARM.Collect$$rtentry$$00000004          0x08000188   Section        6  __rtentry4.o(.ARM.Collect$$rtentry$$00000004)
    .ARM.Collect$$rtentry$$00000009          0x0800018e   Section        0  __rtentry2.o(.ARM.Collect$$rtentry$$00000009)
    .ARM.Collect$$rtentry$$0000000A          0x0800018e   Section        4  __rtentry2.o(.ARM.Collect$$rtentry$$0000000A)
    .ARM.Collect$$rtentry$$0000000C          0x08000192   Section        0  __rtentry2.o(.ARM.Collect$$rtentry$$0000000C)
    .ARM.Collect$$rtentry$$0000000D          0x08000192   Section        8  __rtentry2.o(.ARM.Collect$$rtentry$$0000000D)
    .ARM.Collect$$rtexit$$00000000           0x0800019a   Section        2  rtexit.o(.ARM.Collect$$rtexit$$00000000)
    .ARM.Collect$$rtexit$$00000002           0x0800019c   Section        0  rtexit2.o(.ARM.Collect$$rtexit$$00000002)
    .ARM.Collect$$rtexit$$00000003           0x0800019c   Section        4  rtexit2.o(.ARM.Collect$$rtexit$$00000003)
    .ARM.Collect$$rtexit$$00000004           0x080001a0   Section        6  rtexit2.o(.ARM.Collect$$rtexit$$00000004)
    .text                                    0x080001a8   Section        0  main.o(.text)
    .text                                    0x080004d8   Section        0  stm32f10x_it.o(.text)
    .text                                    0x080004f4   Section        0  system_stm32f10x.o(.text)
    SetSysClockTo72                          0x080004f5   Thumb Code   214  system_stm32f10x.o(.text)
    SetSysClock                              0x080005cb   Thumb Code     8  system_stm32f10x.o(.text)
    .text                                    0x080006d4   Section        0  led.o(.text)
    .text                                    0x0800070c   Section        0  aht10.o(.text)
    .text                                    0x08000a08   Section        0  oled.o(.text)
    .text                                    0x080011a8   Section        0  soil.o(.text)
    .text                                    0x08001290   Section        0  delay.o(.text)
    .text                                    0x08001364   Section        0  usart1.o(.text)
    .text                                    0x0800156c   Section        0  usart2.o(.text)
    .text                                    0x08001758   Section       60  startup_stm32f10x_ld.o(.text)
    .text                                    0x08001794   Section        0  misc.o(.text)
    .text                                    0x08001870   Section        0  stm32f10x_gpio.o(.text)
    .text                                    0x08001bcc   Section        0  stm32f10x_rcc.o(.text)
    .text                                    0x08001f70   Section        0  stm32f10x_usart.o(.text)
    .text                                    0x08002378   Section        0  stm32f10x_dma.o(.text)
    .text                                    0x080025cc   Section        0  stm32f10x_adc.o(.text)
    .text                                    0x08002a1c   Section        0  stm32f10x_i2c.o(.text)
    .text                                    0x08002e20   Section        2  use_no_semi_2.o(.text)
    .text                                    0x08002e24   Section        0  noretval__2printf.o(.text)
    .text                                    0x08002e3c   Section        0  noretval__2sprintf.o(.text)
    .text                                    0x08002e64   Section        0  _printf_dec.o(.text)
    .text                                    0x08002edc   Section        0  __printf_flags_wp.o(.text)
    .text                                    0x08003014   Section        0  strlen.o(.text)
    .text                                    0x08003052   Section       16  aeabi_memset.o(.text)
    .text                                    0x08003062   Section       68  rt_memclr.o(.text)
    .text                                    0x080030a6   Section       78  rt_memclr_w.o(.text)
    .text                                    0x080030f4   Section        0  heapauxi.o(.text)
    .text                                    0x080030fa   Section        2  use_no_semi.o(.text)
    .text                                    0x080030fc   Section        0  _printf_intcommon.o(.text)
    .text                                    0x080031ae   Section        0  _printf_fp_dec.o(.text)
    _fp_digits                               0x080031b1   Thumb Code   428  _printf_fp_dec.o(.text)
    .text                                    0x080035c8   Section        0  _printf_char_common.o(.text)
    _printf_input_char                       0x080035c9   Thumb Code    10  _printf_char_common.o(.text)
    .text                                    0x080035f8   Section        0  _sputc.o(.text)
    .text                                    0x08003604   Section        0  _printf_char_file.o(.text)
    .text                                    0x08003628   Section        8  rt_locale_intlibspace.o(.text)
    .text                                    0x08003630   Section      138  lludiv10.o(.text)
    .text                                    0x080036bc   Section        0  _printf_fp_infnan.o(.text)
    .text                                    0x0800373c   Section        0  bigflt0.o(.text)
    .text                                    0x08003818   Section        0  ferror.o(.text)
    .text                                    0x08003820   Section        8  libspace.o(.text)
    .text                                    0x08003828   Section       74  sys_stackheap_outer.o(.text)
    .text                                    0x08003872   Section        0  exit.o(.text)
    .text                                    0x08003880   Section      128  strcmpv7m.o(.text)
    CL$$btod_d2e                             0x08003900   Section       62  btod.o(CL$$btod_d2e)
    CL$$btod_d2e_denorm_low                  0x0800393e   Section       70  btod.o(CL$$btod_d2e_denorm_low)
    CL$$btod_d2e_norm_op1                    0x08003984   Section       96  btod.o(CL$$btod_d2e_norm_op1)
    CL$$btod_div_common                      0x080039e4   Section      824  btod.o(CL$$btod_div_common)
    CL$$btod_e2e                             0x08003d1c   Section      198  btod.o(CL$$btod_e2e)
    CL$$btod_ediv                            0x08003de2   Section       40  btod.o(CL$$btod_ediv)
    CL$$btod_emul                            0x08003e0a   Section       40  btod.o(CL$$btod_emul)
    CL$$btod_mult_common                     0x08003e32   Section      580  btod.o(CL$$btod_mult_common)
    i.__ARM_fpclassify                       0x08004076   Section        0  fpclassify.o(i.__ARM_fpclassify)
    i._is_digit                              0x0800409e   Section        0  __printf_wp.o(i._is_digit)
    locale$$code                             0x080040ac   Section       44  lc_numeric_c.o(locale$$code)
    x$fpl$d2f                                0x080040d8   Section       98  d2f.o(x$fpl$d2f)
    x$fpl$dadd                               0x0800413c   Section      336  daddsub_clz.o(x$fpl$dadd)
    _dadd1                                   0x0800414d   Thumb Code     0  daddsub_clz.o(x$fpl$dadd)
    x$fpl$dcmpinf                            0x0800428c   Section       24  dcmpi.o(x$fpl$dcmpinf)
    x$fpl$ddiv                               0x080042a4   Section      688  ddiv.o(x$fpl$ddiv)
    ddiv_entry                               0x080042ab   Thumb Code     0  ddiv.o(x$fpl$ddiv)
    x$fpl$dfltu                              0x08004554   Section       38  dflt_clz.o(x$fpl$dfltu)
    x$fpl$dleqf                              0x0800457c   Section      120  dleqf.o(x$fpl$dleqf)
    x$fpl$dmul                               0x080045f4   Section      340  dmul.o(x$fpl$dmul)
    x$fpl$dnaninf                            0x08004748   Section      156  dnaninf.o(x$fpl$dnaninf)
    x$fpl$dretinf                            0x080047e4   Section       12  dretinf.o(x$fpl$dretinf)
    x$fpl$drleqf                             0x080047f0   Section      108  drleqf.o(x$fpl$drleqf)
    x$fpl$dsub                               0x0800485c   Section      468  daddsub_clz.o(x$fpl$dsub)
    _dsub1                                   0x0800486d   Thumb Code     0  daddsub_clz.o(x$fpl$dsub)
    x$fpl$f2d                                0x08004a30   Section       86  f2d.o(x$fpl$f2d)
    x$fpl$fcmpinf                            0x08004a86   Section       24  fcmpi.o(x$fpl$fcmpinf)
    x$fpl$fdiv                               0x08004aa0   Section      388  fdiv.o(x$fpl$fdiv)
    _fdiv1                                   0x08004aa1   Thumb Code     0  fdiv.o(x$fpl$fdiv)
    x$fpl$ffltu                              0x08004c24   Section       38  fflt_clz.o(x$fpl$ffltu)
    x$fpl$fleqf                              0x08004c4c   Section      104  fleqf.o(x$fpl$fleqf)
    x$fpl$fnaninf                            0x08004cb4   Section      140  fnaninf.o(x$fpl$fnaninf)
    x$fpl$fretinf                            0x08004d40   Section       10  fretinf.o(x$fpl$fretinf)
    x$fpl$frleqf                             0x08004d4a   Section       98  frleqf.o(x$fpl$frleqf)
    x$fpl$printf1                            0x08004dac   Section        4  printf1.o(x$fpl$printf1)
    .constdata                               0x08004db0   Section     2751  oled.o(.constdata)
    x$fpl$usenofp                            0x08004db0   Section        0  usenofp.o(x$fpl$usenofp)
    .constdata                               0x0800586f   Section       17  __printf_flags_wp.o(.constdata)
    maptable                                 0x0800586f   Data          17  __printf_flags_wp.o(.constdata)
    .constdata                               0x08005880   Section      148  bigflt0.o(.constdata)
    tenpwrs_x                                0x08005880   Data          60  bigflt0.o(.constdata)
    tenpwrs_i                                0x080058bc   Data          64  bigflt0.o(.constdata)
    .conststring                             0x08005914   Section       68  main.o(.conststring)
    locale$$data                             0x08005978   Section       28  lc_numeric_c.o(locale$$data)
    __lcnum_c_name                           0x0800597c   Data           2  lc_numeric_c.o(locale$$data)
    __lcnum_c_start                          0x08005984   Data           0  lc_numeric_c.o(locale$$data)
    __lcnum_c_point                          0x08005990   Data           0  lc_numeric_c.o(locale$$data)
    __lcnum_c_thousands                      0x08005992   Data           0  lc_numeric_c.o(locale$$data)
    __lcnum_c_grouping                       0x08005993   Data           0  lc_numeric_c.o(locale$$data)
    __lcnum_c_end                            0x08005994   Data           0  lc_numeric_c.o(locale$$data)
    .data                                    0x20000000   Section        8  main.o(.data)
    .data                                    0x20000008   Section       20  system_stm32f10x.o(.data)
    .data                                    0x2000001c   Section        4  delay.o(.data)
    fac_us                                   0x2000001c   Data           1  delay.o(.data)
    fac_ms                                   0x2000001e   Data           2  delay.o(.data)
    .data                                    0x20000020   Section        7  usart1.o(.data)
    .data                                    0x20000028   Section        3  usart2.o(.data)
    .data                                    0x2000002b   Section       20  stm32f10x_rcc.o(.data)
    APBAHBPrescTable                         0x2000002b   Data          16  stm32f10x_rcc.o(.data)
    ADCPrescTable                            0x2000003b   Data           4  stm32f10x_rcc.o(.data)
    .bss                                     0x20000040   Section      300  usart1.o(.bss)
    .bss                                     0x2000016c   Section      200  usart2.o(.bss)
    .bss                                     0x20000234   Section       96  libspace.o(.bss)
    HEAP                                     0x20000298   Section        0  startup_stm32f10x_ld.o(HEAP)
    STACK                                    0x20000298   Section      512  startup_stm32f10x_ld.o(STACK)
    Heap_Mem                                 0x20000298   Data           0  startup_stm32f10x_ld.o(HEAP)
    Stack_Mem                                0x20000298   Data         512  startup_stm32f10x_ld.o(STACK)
    __initial_sp                             0x20000498   Data           0  startup_stm32f10x_ld.o(STACK)

    Global Symbols

    Symbol Name                              Value     Ov Type        Size  Object(Section)

    BuildAttributes$$THM_ISAv4$P$D$K$B$S$PE$A:L22UL41UL21$X:L11$S22US41US21$IEEE1$IW$USESV6$~STKCKD$USESV7$~SHL$OTIME$ROPI$IEEEJ$EBA8$UX$STANDARDLIB$REQ8$PRES8$EABIv2 0x00000000   Number         0  anon$$obj.o ABSOLUTE
    __ARM_use_no_argv                        0x00000000   Number         0  main.o ABSOLUTE
    _printf_flags                            0x00000000   Number         0  printf_stubs.o ABSOLUTE
    _printf_return_value                     0x00000000   Number         0  printf_stubs.o ABSOLUTE
    _printf_sizespec                         0x00000000   Number         0  printf_stubs.o ABSOLUTE
    _printf_widthprec                        0x00000000   Number         0  printf_stubs.o ABSOLUTE
    __ARM_exceptions_init                     - Undefined Weak Reference
    __alloca_initialize                       - Undefined Weak Reference
    __arm_preinit_                            - Undefined Weak Reference
    __cpp_initialize__aeabi_                  - Undefined Weak Reference
    __cxa_finalize                            - Undefined Weak Reference
    __sigvec_lookup                           - Undefined Weak Reference
    _atexit_init                              - Undefined Weak Reference
    _call_atexit_fns                          - Undefined Weak Reference
    _clock_init                               - Undefined Weak Reference
    _fp_trap_init                             - Undefined Weak Reference
    _fp_trap_shutdown                         - Undefined Weak Reference
    _get_lc_collate                           - Undefined Weak Reference
    _get_lc_ctype                             - Undefined Weak Reference
    _get_lc_monetary                          - Undefined Weak Reference
    _get_lc_time                              - Undefined Weak Reference
    _getenv_init                              - Undefined Weak Reference
    _handle_redirection                       - Undefined Weak Reference
    _init_alloc                               - Undefined Weak Reference
    _init_user_alloc                          - Undefined Weak Reference
    _initio                                   - Undefined Weak Reference
    _mutex_acquire                            - Undefined Weak Reference
    _mutex_release                            - Undefined Weak Reference
    _printf_post_padding                      - Undefined Weak Reference
    _printf_pre_padding                       - Undefined Weak Reference
    _printf_truncate_signed                   - Undefined Weak Reference
    _printf_truncate_unsigned                 - Undefined Weak Reference
    _rand_init                                - Undefined Weak Reference
    _signal_finish                            - Undefined Weak Reference
    _signal_init                              - Undefined Weak Reference
    _terminate_alloc                          - Undefined Weak Reference
    _terminate_user_alloc                     - Undefined Weak Reference
    _terminateio                              - Undefined Weak Reference
    __Vectors_Size                           0x000000ec   Number         0  startup_stm32f10x_ld.o ABSOLUTE
    __Vectors                                0x08000000   Data           4  startup_stm32f10x_ld.o(RESET)
    __Vectors_End                            0x080000ec   Data           0  startup_stm32f10x_ld.o(RESET)
    __main                                   0x080000ed   Thumb Code     8  __main.o(!!!main)
    __scatterload                            0x080000f5   Thumb Code     0  __scatter.o(!!!scatter)
    __scatterload_rt2                        0x080000f5   Thumb Code    44  __scatter.o(!!!scatter)
    __scatterload_rt2_thumb_only             0x080000f5   Thumb Code     0  __scatter.o(!!!scatter)
    __scatterload_null                       0x08000103   Thumb Code     0  __scatter.o(!!!scatter)
    __scatterload_copy                       0x08000129   Thumb Code    26  __scatter_copy.o(!!handler_copy)
    __scatterload_zeroinit                   0x08000145   Thumb Code    28  __scatter_zi.o(!!handler_zi)
    _printf_f                                0x08000161   Thumb Code     0  _printf_f.o(.ARM.Collect$$_printf_percent$$00000003)
    _printf_percent                          0x08000161   Thumb Code     0  _printf_percent.o(.ARM.Collect$$_printf_percent$$00000000)
    _printf_d                                0x08000167   Thumb Code     0  _printf_d.o(.ARM.Collect$$_printf_percent$$00000009)
    _printf_percent_end                      0x0800016d   Thumb Code     0  _printf_percent_end.o(.ARM.Collect$$_printf_percent$$00000017)
    __rt_lib_init                            0x08000171   Thumb Code     0  libinit.o(.ARM.Collect$$libinit$$00000000)
    __rt_lib_init_fp_1                       0x08000173   Thumb Code     0  libinit2.o(.ARM.Collect$$libinit$$00000002)
    __rt_lib_init_heap_1                     0x08000173   Thumb Code     0  libinit2.o(.ARM.Collect$$libinit$$0000000A)
    __rt_lib_init_lc_common                  0x08000173   Thumb Code     0  libinit2.o(.ARM.Collect$$libinit$$0000000F)
    __rt_lib_init_preinit_1                  0x08000173   Thumb Code     0  libinit2.o(.ARM.Collect$$libinit$$00000004)
    __rt_lib_init_rand_1                     0x08000173   Thumb Code     0  libinit2.o(.ARM.Collect$$libinit$$0000000E)
    __rt_lib_init_user_alloc_1               0x08000173   Thumb Code     0  libinit2.o(.ARM.Collect$$libinit$$0000000C)
    __rt_lib_init_lc_collate_1               0x08000179   Thumb Code     0  libinit2.o(.ARM.Collect$$libinit$$00000011)
    __rt_lib_init_lc_ctype_1                 0x08000179   Thumb Code     0  libinit2.o(.ARM.Collect$$libinit$$00000013)
    __rt_lib_init_lc_monetary_1              0x08000179   Thumb Code     0  libinit2.o(.ARM.Collect$$libinit$$00000015)
    __rt_lib_init_lc_numeric_2               0x08000179   Thumb Code     0  libinit2.o(.ARM.Collect$$libinit$$00000016)
    __rt_lib_init_alloca_1                   0x08000183   Thumb Code     0  libinit2.o(.ARM.Collect$$libinit$$0000002E)
    __rt_lib_init_argv_1                     0x08000183   Thumb Code     0  libinit2.o(.ARM.Collect$$libinit$$0000002C)
    __rt_lib_init_atexit_1                   0x08000183   Thumb Code     0  libinit2.o(.ARM.Collect$$libinit$$0000001B)
    __rt_lib_init_clock_1                    0x08000183   Thumb Code     0  libinit2.o(.ARM.Collect$$libinit$$00000021)
    __rt_lib_init_cpp_1                      0x08000183   Thumb Code     0  libinit2.o(.ARM.Collect$$libinit$$00000032)
    __rt_lib_init_exceptions_1               0x08000183   Thumb Code     0  libinit2.o(.ARM.Collect$$libinit$$00000030)
    __rt_lib_init_fp_trap_1                  0x08000183   Thumb Code     0  libinit2.o(.ARM.Collect$$libinit$$0000001F)
    __rt_lib_init_getenv_1                   0x08000183   Thumb Code     0  libinit2.o(.ARM.Collect$$libinit$$00000023)
    __rt_lib_init_lc_numeric_1               0x08000183   Thumb Code     0  libinit2.o(.ARM.Collect$$libinit$$00000017)
    __rt_lib_init_lc_time_1                  0x08000183   Thumb Code     0  libinit2.o(.ARM.Collect$$libinit$$00000019)
    __rt_lib_init_return                     0x08000183   Thumb Code     0  libinit2.o(.ARM.Collect$$libinit$$00000033)
    __rt_lib_init_signal_1                   0x08000183   Thumb Code     0  libinit2.o(.ARM.Collect$$libinit$$0000001D)
    __rt_lib_init_stdio_1                    0x08000183   Thumb Code     0  libinit2.o(.ARM.Collect$$libinit$$00000025)
    __rt_lib_shutdown                        0x08000185   Thumb Code     0  libshutdown.o(.ARM.Collect$$libshutdown$$00000000)
    __rt_lib_shutdown_fp_trap_1              0x08000187   Thumb Code     0  libshutdown2.o(.ARM.Collect$$libshutdown$$00000006)
    __rt_lib_shutdown_heap_1                 0x08000187   Thumb Code     0  libshutdown2.o(.ARM.Collect$$libshutdown$$0000000E)
    __rt_lib_shutdown_return                 0x08000187   Thumb Code     0  libshutdown2.o(.ARM.Collect$$libshutdown$$0000000F)
    __rt_lib_shutdown_signal_1               0x08000187   Thumb Code     0  libshutdown2.o(.ARM.Collect$$libshutdown$$00000009)
    __rt_lib_shutdown_stdio_1                0x08000187   Thumb Code     0  libshutdown2.o(.ARM.Collect$$libshutdown$$00000003)
    __rt_lib_shutdown_user_alloc_1           0x08000187   Thumb Code     0  libshutdown2.o(.ARM.Collect$$libshutdown$$0000000B)
    __rt_entry                               0x08000189   Thumb Code     0  __rtentry.o(.ARM.Collect$$rtentry$$00000000)
    __rt_entry_presh_1                       0x08000189   Thumb Code     0  __rtentry2.o(.ARM.Collect$$rtentry$$00000002)
    __rt_entry_sh                            0x08000189   Thumb Code     0  __rtentry4.o(.ARM.Collect$$rtentry$$00000004)
    __rt_entry_li                            0x0800018f   Thumb Code     0  __rtentry2.o(.ARM.Collect$$rtentry$$0000000A)
    __rt_entry_postsh_1                      0x0800018f   Thumb Code     0  __rtentry2.o(.ARM.Collect$$rtentry$$00000009)
    __rt_entry_main                          0x08000193   Thumb Code     0  __rtentry2.o(.ARM.Collect$$rtentry$$0000000D)
    __rt_entry_postli_1                      0x08000193   Thumb Code     0  __rtentry2.o(.ARM.Collect$$rtentry$$0000000C)
    __rt_exit                                0x0800019b   Thumb Code     0  rtexit.o(.ARM.Collect$$rtexit$$00000000)
    __rt_exit_ls                             0x0800019d   Thumb Code     0  rtexit2.o(.ARM.Collect$$rtexit$$00000003)
    __rt_exit_prels_1                        0x0800019d   Thumb Code     0  rtexit2.o(.ARM.Collect$$rtexit$$00000002)
    __rt_exit_exit                           0x080001a1   Thumb Code     0  rtexit2.o(.ARM.Collect$$rtexit$$00000004)
    Dig_Init                                 0x080001a9   Thumb Code    32  main.o(.text)
    main_usart1_fun                          0x080001c9   Thumb Code    20  main.o(.text)
    main_usart2_fun                          0x080001dd   Thumb Code    20  main.o(.text)
    Fire_Range_Init                          0x080001f1   Thumb Code   160  main.o(.text)
    main                                     0x08000291   Thumb Code   484  main.o(.text)
    Smog_Range_Init                          0x08000475   Thumb Code     2  main.o(.text)
    NMI_Handler                              0x080004d9   Thumb Code     2  stm32f10x_it.o(.text)
    HardFault_Handler                        0x080004db   Thumb Code     4  stm32f10x_it.o(.text)
    MemManage_Handler                        0x080004df   Thumb Code     4  stm32f10x_it.o(.text)
    BusFault_Handler                         0x080004e3   Thumb Code     4  stm32f10x_it.o(.text)
    UsageFault_Handler                       0x080004e7   Thumb Code     4  stm32f10x_it.o(.text)
    SVC_Handler                              0x080004eb   Thumb Code     2  stm32f10x_it.o(.text)
    DebugMon_Handler                         0x080004ed   Thumb Code     2  stm32f10x_it.o(.text)
    PendSV_Handler                           0x080004ef   Thumb Code     2  stm32f10x_it.o(.text)
    SysTick_Handler                          0x080004f1   Thumb Code     2  stm32f10x_it.o(.text)
    SystemInit                               0x080005d3   Thumb Code    78  system_stm32f10x.o(.text)
    SystemCoreClockUpdate                    0x08000621   Thumb Code   142  system_stm32f10x.o(.text)
    LED_Init                                 0x080006d5   Thumb Code    50  led.o(.text)
    AHT10_I2C_START                          0x0800070d   Thumb Code    42  aht10.o(.text)
    AHT10_I2C_STOP                           0x08000737   Thumb Code    12  aht10.o(.text)
    AHT10_WriteByte                          0x08000743   Thumb Code   118  aht10.o(.text)
    AHT10_ReadData                           0x080007b9   Thumb Code    26  aht10.o(.text)
    AHT10_SoftReset                          0x080007d3   Thumb Code    70  aht10.o(.text)
    AHT10_Init                               0x08000819   Thumb Code   132  aht10.o(.text)
    ReadAHT10                                0x0800089d   Thumb Code   326  aht10.o(.text)
    OLED_I2C_Init                            0x08000a09   Thumb Code   110  oled.o(.text)
    I2C_WriteByte                            0x08000a77   Thumb Code   126  oled.o(.text)
    LCD_WrCmd                                0x08000af5   Thumb Code    14  oled.o(.text)
    LCD_WrDat                                0x08000b03   Thumb Code    14  oled.o(.text)
    LCD_Set_Pos                              0x08000b11   Thumb Code    42  oled.o(.text)
    LCD_Fill                                 0x08000b3b   Thumb Code    58  oled.o(.text)
    LCD_CLS                                  0x08000b75   Thumb Code    56  oled.o(.text)
    LCD_CLS_y                                0x08000bad   Thumb Code    48  oled.o(.text)
    LCD_CLS_line_area                        0x08000bdd   Thumb Code    56  oled.o(.text)
    LCD_DLY_ms                               0x08000c15   Thumb Code    28  oled.o(.text)
    LCD_PutPixel                             0x08000c31   Thumb Code    64  oled.o(.text)
    LCD_Put_Column                           0x08000c71   Thumb Code    46  oled.o(.text)
    LCD_Rectangle                            0x08000c9f   Thumb Code   132  oled.o(.text)
    LCD_P6x8Str                              0x08000d23   Thumb Code    96  oled.o(.text)
    LCD_P8x16Str                             0x08000d83   Thumb Code   130  oled.o(.text)
    LCD_P14x16Str                            0x08000e05   Thumb Code   276  oled.o(.text)
    LCD_P16x16Str                            0x08000f19   Thumb Code   254  oled.o(.text)
    LCD_Print                                0x08001017   Thumb Code   142  oled.o(.text)
    Draw_BMP                                 0x080010a5   Thumb Code    82  oled.o(.text)
    OLED_Init                                0x080010f7   Thumb Code   160  oled.o(.text)
    Adc_Init                                 0x080011a9   Thumb Code   132  soil.o(.text)
    Get_Adc                                  0x0800122d   Thumb Code    46  soil.o(.text)
    Get_Adc_Average                          0x0800125b   Thumb Code    46  soil.o(.text)
    delay_init                               0x08001291   Thumb Code    50  delay.o(.text)
    delay_us                                 0x080012c3   Thumb Code    72  delay.o(.text)
    delay_ms                                 0x0800130b   Thumb Code    72  delay.o(.text)
    _sys_exit                                0x08001365   Thumb Code     4  usart1.o(.text)
    fputc                                    0x08001369   Thumb Code    24  usart1.o(.text)
    uart1_rx_dma_init                        0x08001381   Thumb Code    80  usart1.o(.text)
    uart1_init                               0x080013d1   Thumb Code   202  usart1.o(.text)
    USART1_IRQHandler                        0x0800149b   Thumb Code    94  usart1.o(.text)
    Usart1_Common_Parse                      0x080014f9   Thumb Code    48  usart1.o(.text)
    usart1_send_string                       0x08001529   Thumb Code    42  usart1.o(.text)
    uart2_rx_dma_init                        0x0800156d   Thumb Code    80  usart2.o(.text)
    uart2_init                               0x080015bd   Thumb Code   202  usart2.o(.text)
    USART2_IRQHandler                        0x08001687   Thumb Code   100  usart2.o(.text)
    Usart2_Common_Parse                      0x080016eb   Thumb Code    44  usart2.o(.text)
    usart2_send_string                       0x08001717   Thumb Code    42  usart2.o(.text)
    Reset_Handler                            0x08001759   Thumb Code     8  startup_stm32f10x_ld.o(.text)
    ADC1_2_IRQHandler                        0x08001773   Thumb Code     0  startup_stm32f10x_ld.o(.text)
    CAN1_RX1_IRQHandler                      0x08001773   Thumb Code     0  startup_stm32f10x_ld.o(.text)
    CAN1_SCE_IRQHandler                      0x08001773   Thumb Code     0  startup_stm32f10x_ld.o(.text)
    DMA1_Channel1_IRQHandler                 0x08001773   Thumb Code     0  startup_stm32f10x_ld.o(.text)
    DMA1_Channel2_IRQHandler                 0x08001773   Thumb Code     0  startup_stm32f10x_ld.o(.text)
    DMA1_Channel3_IRQHandler                 0x08001773   Thumb Code     0  startup_stm32f10x_ld.o(.text)
    DMA1_Channel4_IRQHandler                 0x08001773   Thumb Code     0  startup_stm32f10x_ld.o(.text)
    DMA1_Channel5_IRQHandler                 0x08001773   Thumb Code     0  startup_stm32f10x_ld.o(.text)
    DMA1_Channel6_IRQHandler                 0x08001773   Thumb Code     0  startup_stm32f10x_ld.o(.text)
    DMA1_Channel7_IRQHandler                 0x08001773   Thumb Code     0  startup_stm32f10x_ld.o(.text)
    EXTI0_IRQHandler                         0x08001773   Thumb Code     0  startup_stm32f10x_ld.o(.text)
    EXTI15_10_IRQHandler                     0x08001773   Thumb Code     0  startup_stm32f10x_ld.o(.text)
    EXTI1_IRQHandler                         0x08001773   Thumb Code     0  startup_stm32f10x_ld.o(.text)
    EXTI2_IRQHandler                         0x08001773   Thumb Code     0  startup_stm32f10x_ld.o(.text)
    EXTI3_IRQHandler                         0x08001773   Thumb Code     0  startup_stm32f10x_ld.o(.text)
    EXTI4_IRQHandler                         0x08001773   Thumb Code     0  startup_stm32f10x_ld.o(.text)
    EXTI9_5_IRQHandler                       0x08001773   Thumb Code     0  startup_stm32f10x_ld.o(.text)
    FLASH_IRQHandler                         0x08001773   Thumb Code     0  startup_stm32f10x_ld.o(.text)
    I2C1_ER_IRQHandler                       0x08001773   Thumb Code     0  startup_stm32f10x_ld.o(.text)
    I2C1_EV_IRQHandler                       0x08001773   Thumb Code     0  startup_stm32f10x_ld.o(.text)
    PVD_IRQHandler                           0x08001773   Thumb Code     0  startup_stm32f10x_ld.o(.text)
    RCC_IRQHandler                           0x08001773   Thumb Code     0  startup_stm32f10x_ld.o(.text)
    RTCAlarm_IRQHandler                      0x08001773   Thumb Code     0  startup_stm32f10x_ld.o(.text)
    RTC_IRQHandler                           0x08001773   Thumb Code     0  startup_stm32f10x_ld.o(.text)
    SPI1_IRQHandler                          0x08001773   Thumb Code     0  startup_stm32f10x_ld.o(.text)
    TAMPER_IRQHandler                        0x08001773   Thumb Code     0  startup_stm32f10x_ld.o(.text)
    TIM1_BRK_IRQHandler                      0x08001773   Thumb Code     0  startup_stm32f10x_ld.o(.text)
    TIM1_CC_IRQHandler                       0x08001773   Thumb Code     0  startup_stm32f10x_ld.o(.text)
    TIM1_TRG_COM_IRQHandler                  0x08001773   Thumb Code     0  startup_stm32f10x_ld.o(.text)
    TIM1_UP_IRQHandler                       0x08001773   Thumb Code     0  startup_stm32f10x_ld.o(.text)
    TIM2_IRQHandler                          0x08001773   Thumb Code     0  startup_stm32f10x_ld.o(.text)
    TIM3_IRQHandler                          0x08001773   Thumb Code     0  startup_stm32f10x_ld.o(.text)
    USBWakeUp_IRQHandler                     0x08001773   Thumb Code     0  startup_stm32f10x_ld.o(.text)
    USB_HP_CAN1_TX_IRQHandler                0x08001773   Thumb Code     0  startup_stm32f10x_ld.o(.text)
    USB_LP_CAN1_RX0_IRQHandler               0x08001773   Thumb Code     0  startup_stm32f10x_ld.o(.text)
    WWDG_IRQHandler                          0x08001773   Thumb Code     0  startup_stm32f10x_ld.o(.text)
    __user_initial_stackheap                 0x08001775   Thumb Code     0  startup_stm32f10x_ld.o(.text)
    NVIC_PriorityGroupConfig                 0x08001795   Thumb Code    10  misc.o(.text)
    NVIC_Init                                0x0800179f   Thumb Code   100  misc.o(.text)
    NVIC_SetVectorTable                      0x08001803   Thumb Code    14  misc.o(.text)
    NVIC_SystemLPConfig                      0x08001811   Thumb Code    34  misc.o(.text)
    SysTick_CLKSourceConfig                  0x08001833   Thumb Code    40  misc.o(.text)
    GPIO_DeInit                              0x08001871   Thumb Code   172  stm32f10x_gpio.o(.text)
    GPIO_AFIODeInit                          0x0800191d   Thumb Code    20  stm32f10x_gpio.o(.text)
    GPIO_Init                                0x08001931   Thumb Code   278  stm32f10x_gpio.o(.text)
    GPIO_StructInit                          0x08001a47   Thumb Code    16  stm32f10x_gpio.o(.text)
    GPIO_ReadInputDataBit                    0x08001a57   Thumb Code    18  stm32f10x_gpio.o(.text)
    GPIO_ReadInputData                       0x08001a69   Thumb Code     8  stm32f10x_gpio.o(.text)
    GPIO_ReadOutputDataBit                   0x08001a71   Thumb Code    18  stm32f10x_gpio.o(.text)
    GPIO_ReadOutputData                      0x08001a83   Thumb Code     8  stm32f10x_gpio.o(.text)
    GPIO_SetBits                             0x08001a8b   Thumb Code     4  stm32f10x_gpio.o(.text)
    GPIO_ResetBits                           0x08001a8f   Thumb Code     4  stm32f10x_gpio.o(.text)
    GPIO_WriteBit                            0x08001a93   Thumb Code    10  stm32f10x_gpio.o(.text)
    GPIO_Write                               0x08001a9d   Thumb Code     4  stm32f10x_gpio.o(.text)
    GPIO_PinLockConfig                       0x08001aa1   Thumb Code    18  stm32f10x_gpio.o(.text)
    GPIO_EventOutputConfig                   0x08001ab3   Thumb Code    26  stm32f10x_gpio.o(.text)
    GPIO_EventOutputCmd                      0x08001acd   Thumb Code     6  stm32f10x_gpio.o(.text)
    GPIO_PinRemapConfig                      0x08001ad3   Thumb Code   138  stm32f10x_gpio.o(.text)
    GPIO_EXTILineConfig                      0x08001b5d   Thumb Code    66  stm32f10x_gpio.o(.text)
    GPIO_ETH_MediaInterfaceConfig            0x08001b9f   Thumb Code     8  stm32f10x_gpio.o(.text)
    RCC_DeInit                               0x08001bcd   Thumb Code    64  stm32f10x_rcc.o(.text)
    RCC_HSEConfig                            0x08001c0d   Thumb Code    70  stm32f10x_rcc.o(.text)
    RCC_GetFlagStatus                        0x08001c53   Thumb Code    56  stm32f10x_rcc.o(.text)
    RCC_WaitForHSEStartUp                    0x08001c8b   Thumb Code    56  stm32f10x_rcc.o(.text)
    RCC_AdjustHSICalibrationValue            0x08001cc3   Thumb Code    20  stm32f10x_rcc.o(.text)
    RCC_HSICmd                               0x08001cd7   Thumb Code     6  stm32f10x_rcc.o(.text)
    RCC_PLLConfig                            0x08001cdd   Thumb Code    24  stm32f10x_rcc.o(.text)
    RCC_PLLCmd                               0x08001cf5   Thumb Code     6  stm32f10x_rcc.o(.text)
    RCC_SYSCLKConfig                         0x08001cfb   Thumb Code    18  stm32f10x_rcc.o(.text)
    RCC_GetSYSCLKSource                      0x08001d0d   Thumb Code    10  stm32f10x_rcc.o(.text)
    RCC_HCLKConfig                           0x08001d17   Thumb Code    18  stm32f10x_rcc.o(.text)
    RCC_PCLK1Config                          0x08001d29   Thumb Code    18  stm32f10x_rcc.o(.text)
    RCC_PCLK2Config                          0x08001d3b   Thumb Code    20  stm32f10x_rcc.o(.text)
    RCC_ITConfig                             0x08001d4f   Thumb Code    26  stm32f10x_rcc.o(.text)
    RCC_USBCLKConfig                         0x08001d69   Thumb Code     8  stm32f10x_rcc.o(.text)
    RCC_ADCCLKConfig                         0x08001d71   Thumb Code    18  stm32f10x_rcc.o(.text)
    RCC_LSEConfig                            0x08001d83   Thumb Code    50  stm32f10x_rcc.o(.text)
    RCC_LSICmd                               0x08001db5   Thumb Code     6  stm32f10x_rcc.o(.text)
    RCC_RTCCLKConfig                         0x08001dbb   Thumb Code    12  stm32f10x_rcc.o(.text)
    RCC_RTCCLKCmd                            0x08001dc7   Thumb Code     8  stm32f10x_rcc.o(.text)
    RCC_GetClocksFreq                        0x08001dcf   Thumb Code   192  stm32f10x_rcc.o(.text)
    RCC_AHBPeriphClockCmd                    0x08001e8f   Thumb Code    26  stm32f10x_rcc.o(.text)
    RCC_APB2PeriphClockCmd                   0x08001ea9   Thumb Code    26  stm32f10x_rcc.o(.text)
    RCC_APB1PeriphClockCmd                   0x08001ec3   Thumb Code    26  stm32f10x_rcc.o(.text)
    RCC_APB2PeriphResetCmd                   0x08001edd   Thumb Code    26  stm32f10x_rcc.o(.text)
    RCC_APB1PeriphResetCmd                   0x08001ef7   Thumb Code    26  stm32f10x_rcc.o(.text)
    RCC_BackupResetCmd                       0x08001f11   Thumb Code     8  stm32f10x_rcc.o(.text)
    RCC_ClockSecuritySystemCmd               0x08001f19   Thumb Code     6  stm32f10x_rcc.o(.text)
    RCC_MCOConfig                            0x08001f1f   Thumb Code     6  stm32f10x_rcc.o(.text)
    RCC_ClearFlag                            0x08001f25   Thumb Code    14  stm32f10x_rcc.o(.text)
    RCC_GetITStatus                          0x08001f33   Thumb Code    20  stm32f10x_rcc.o(.text)
    RCC_ClearITPendingBit                    0x08001f47   Thumb Code     6  stm32f10x_rcc.o(.text)
    USART_DeInit                             0x08001f71   Thumb Code   134  stm32f10x_usart.o(.text)
    USART_Init                               0x08001ff7   Thumb Code   210  stm32f10x_usart.o(.text)
    USART_StructInit                         0x080020c9   Thumb Code    24  stm32f10x_usart.o(.text)
    USART_ClockInit                          0x080020e1   Thumb Code    34  stm32f10x_usart.o(.text)
    USART_ClockStructInit                    0x08002103   Thumb Code    12  stm32f10x_usart.o(.text)
    USART_Cmd                                0x0800210f   Thumb Code    24  stm32f10x_usart.o(.text)
    USART_ITConfig                           0x08002127   Thumb Code    74  stm32f10x_usart.o(.text)
    USART_DMACmd                             0x08002171   Thumb Code    18  stm32f10x_usart.o(.text)
    USART_SetAddress                         0x08002183   Thumb Code    18  stm32f10x_usart.o(.text)
    USART_WakeUpConfig                       0x08002195   Thumb Code    18  stm32f10x_usart.o(.text)
    USART_ReceiverWakeUpCmd                  0x080021a7   Thumb Code    24  stm32f10x_usart.o(.text)
    USART_LINBreakDetectLengthConfig         0x080021bf   Thumb Code    18  stm32f10x_usart.o(.text)
    USART_LINCmd                             0x080021d1   Thumb Code    24  stm32f10x_usart.o(.text)
    USART_SendData                           0x080021e9   Thumb Code     8  stm32f10x_usart.o(.text)
    USART_ReceiveData                        0x080021f1   Thumb Code    10  stm32f10x_usart.o(.text)
    USART_SendBreak                          0x080021fb   Thumb Code    10  stm32f10x_usart.o(.text)
    USART_SetGuardTime                       0x08002205   Thumb Code    16  stm32f10x_usart.o(.text)
    USART_SetPrescaler                       0x08002215   Thumb Code    16  stm32f10x_usart.o(.text)
    USART_SmartCardCmd                       0x08002225   Thumb Code    24  stm32f10x_usart.o(.text)
    USART_SmartCardNACKCmd                   0x0800223d   Thumb Code    24  stm32f10x_usart.o(.text)
    USART_HalfDuplexCmd                      0x08002255   Thumb Code    24  stm32f10x_usart.o(.text)
    USART_OverSampling8Cmd                   0x0800226d   Thumb Code    22  stm32f10x_usart.o(.text)
    USART_OneBitMethodCmd                    0x08002283   Thumb Code    24  stm32f10x_usart.o(.text)
    USART_IrDAConfig                         0x0800229b   Thumb Code    18  stm32f10x_usart.o(.text)
    USART_IrDACmd                            0x080022ad   Thumb Code    24  stm32f10x_usart.o(.text)
    USART_GetFlagStatus                      0x080022c5   Thumb Code    26  stm32f10x_usart.o(.text)
    USART_ClearFlag                          0x080022df   Thumb Code    18  stm32f10x_usart.o(.text)
    USART_GetITStatus                        0x080022f1   Thumb Code    84  stm32f10x_usart.o(.text)
    USART_ClearITPendingBit                  0x08002345   Thumb Code    52  stm32f10x_usart.o(.text)
    DMA_DeInit                               0x08002379   Thumb Code   324  stm32f10x_dma.o(.text)
    DMA_Init                                 0x080024bd   Thumb Code    60  stm32f10x_dma.o(.text)
    DMA_StructInit                           0x080024f9   Thumb Code    26  stm32f10x_dma.o(.text)
    DMA_Cmd                                  0x08002513   Thumb Code    24  stm32f10x_dma.o(.text)
    DMA_ITConfig                             0x0800252b   Thumb Code    18  stm32f10x_dma.o(.text)
    DMA_SetCurrDataCounter                   0x0800253d   Thumb Code     4  stm32f10x_dma.o(.text)
    DMA_GetCurrDataCounter                   0x08002541   Thumb Code     8  stm32f10x_dma.o(.text)
    DMA_GetFlagStatus                        0x08002549   Thumb Code    40  stm32f10x_dma.o(.text)
    DMA_ClearFlag                            0x08002571   Thumb Code    22  stm32f10x_dma.o(.text)
    DMA_GetITStatus                          0x08002587   Thumb Code    40  stm32f10x_dma.o(.text)
    DMA_ClearITPendingBit                    0x080025af   Thumb Code    22  stm32f10x_dma.o(.text)
    ADC_DeInit                               0x080025cd   Thumb Code    78  stm32f10x_adc.o(.text)
    ADC_Init                                 0x0800261b   Thumb Code    70  stm32f10x_adc.o(.text)
    ADC_StructInit                           0x08002661   Thumb Code    18  stm32f10x_adc.o(.text)
    ADC_Cmd                                  0x08002673   Thumb Code    22  stm32f10x_adc.o(.text)
    ADC_DMACmd                               0x08002689   Thumb Code    22  stm32f10x_adc.o(.text)
    ADC_ITConfig                             0x0800269f   Thumb Code    24  stm32f10x_adc.o(.text)
    ADC_ResetCalibration                     0x080026b7   Thumb Code    10  stm32f10x_adc.o(.text)
    ADC_GetResetCalibrationStatus            0x080026c1   Thumb Code    20  stm32f10x_adc.o(.text)
    ADC_StartCalibration                     0x080026d5   Thumb Code    10  stm32f10x_adc.o(.text)
    ADC_GetCalibrationStatus                 0x080026df   Thumb Code    20  stm32f10x_adc.o(.text)
    ADC_SoftwareStartConvCmd                 0x080026f3   Thumb Code    22  stm32f10x_adc.o(.text)
    ADC_GetSoftwareStartConvStatus           0x08002709   Thumb Code    20  stm32f10x_adc.o(.text)
    ADC_DiscModeChannelCountConfig           0x0800271d   Thumb Code    24  stm32f10x_adc.o(.text)
    ADC_DiscModeCmd                          0x08002735   Thumb Code    22  stm32f10x_adc.o(.text)
    ADC_RegularChannelConfig                 0x0800274b   Thumb Code   184  stm32f10x_adc.o(.text)
    ADC_ExternalTrigConvCmd                  0x08002803   Thumb Code    22  stm32f10x_adc.o(.text)
    ADC_GetConversionValue                   0x08002819   Thumb Code     8  stm32f10x_adc.o(.text)
    ADC_GetDualModeConversionValue           0x08002821   Thumb Code     8  stm32f10x_adc.o(.text)
    ADC_AutoInjectedConvCmd                  0x08002829   Thumb Code    22  stm32f10x_adc.o(.text)
    ADC_InjectedDiscModeCmd                  0x0800283f   Thumb Code    22  stm32f10x_adc.o(.text)
    ADC_ExternalTrigInjectedConvConfig       0x08002855   Thumb Code    16  stm32f10x_adc.o(.text)
    ADC_ExternalTrigInjectedConvCmd          0x08002865   Thumb Code    22  stm32f10x_adc.o(.text)
    ADC_SoftwareStartInjectedConvCmd         0x0800287b   Thumb Code    22  stm32f10x_adc.o(.text)
    ADC_GetSoftwareStartInjectedConvCmdStatus 0x08002891   Thumb Code    20  stm32f10x_adc.o(.text)
    ADC_InjectedChannelConfig                0x080028a5   Thumb Code   130  stm32f10x_adc.o(.text)
    ADC_InjectedSequencerLengthConfig        0x08002927   Thumb Code    24  stm32f10x_adc.o(.text)
    ADC_SetInjectedOffset                    0x0800293f   Thumb Code    20  stm32f10x_adc.o(.text)
    ADC_GetInjectedConversionValue           0x08002953   Thumb Code    28  stm32f10x_adc.o(.text)
    ADC_AnalogWatchdogCmd                    0x0800296f   Thumb Code    16  stm32f10x_adc.o(.text)
    ADC_AnalogWatchdogThresholdsConfig       0x0800297f   Thumb Code     6  stm32f10x_adc.o(.text)
    ADC_AnalogWatchdogSingleChannelConfig    0x08002985   Thumb Code    16  stm32f10x_adc.o(.text)
    ADC_TempSensorVrefintCmd                 0x08002995   Thumb Code    64  stm32f10x_adc.o(.text)
    ADC_GetFlagStatus                        0x080029d5   Thumb Code    18  stm32f10x_adc.o(.text)
    ADC_ClearFlag                            0x080029e7   Thumb Code     6  stm32f10x_adc.o(.text)
    ADC_GetITStatus                          0x080029ed   Thumb Code    36  stm32f10x_adc.o(.text)
    ADC_ClearITPendingBit                    0x08002a11   Thumb Code    10  stm32f10x_adc.o(.text)
    I2C_DeInit                               0x08002a1d   Thumb Code    50  stm32f10x_i2c.o(.text)
    I2C_Init                                 0x08002a4f   Thumb Code   222  stm32f10x_i2c.o(.text)
    I2C_StructInit                           0x08002b2d   Thumb Code    30  stm32f10x_i2c.o(.text)
    I2C_Cmd                                  0x08002b4b   Thumb Code    24  stm32f10x_i2c.o(.text)
    I2C_DMACmd                               0x08002b63   Thumb Code    24  stm32f10x_i2c.o(.text)
    I2C_DMALastTransferCmd                   0x08002b7b   Thumb Code    24  stm32f10x_i2c.o(.text)
    I2C_GenerateSTART                        0x08002b93   Thumb Code    24  stm32f10x_i2c.o(.text)
    I2C_GenerateSTOP                         0x08002bab   Thumb Code    24  stm32f10x_i2c.o(.text)
    I2C_AcknowledgeConfig                    0x08002bc3   Thumb Code    24  stm32f10x_i2c.o(.text)
    I2C_OwnAddress2Config                    0x08002bdb   Thumb Code    22  stm32f10x_i2c.o(.text)
    I2C_DualAddressCmd                       0x08002bf1   Thumb Code    24  stm32f10x_i2c.o(.text)
    I2C_GeneralCallCmd                       0x08002c09   Thumb Code    24  stm32f10x_i2c.o(.text)
    I2C_ITConfig                             0x08002c21   Thumb Code    18  stm32f10x_i2c.o(.text)
    I2C_SendData                             0x08002c33   Thumb Code     4  stm32f10x_i2c.o(.text)
    I2C_ReceiveData                          0x08002c37   Thumb Code     8  stm32f10x_i2c.o(.text)
    I2C_Send7bitAddress                      0x08002c3f   Thumb Code    18  stm32f10x_i2c.o(.text)
    I2C_ReadRegister                         0x08002c51   Thumb Code    22  stm32f10x_i2c.o(.text)
    I2C_SoftwareResetCmd                     0x08002c67   Thumb Code    22  stm32f10x_i2c.o(.text)
    I2C_NACKPositionConfig                   0x08002c7d   Thumb Code    28  stm32f10x_i2c.o(.text)
    I2C_SMBusAlertConfig                     0x08002c99   Thumb Code    28  stm32f10x_i2c.o(.text)
    I2C_TransmitPEC                          0x08002cb5   Thumb Code    24  stm32f10x_i2c.o(.text)
    I2C_PECPositionConfig                    0x08002ccd   Thumb Code    28  stm32f10x_i2c.o(.text)
    I2C_CalculatePEC                         0x08002ce9   Thumb Code    24  stm32f10x_i2c.o(.text)
    I2C_GetPEC                               0x08002d01   Thumb Code     8  stm32f10x_i2c.o(.text)
    I2C_ARPCmd                               0x08002d09   Thumb Code    24  stm32f10x_i2c.o(.text)
    I2C_StretchClockCmd                      0x08002d21   Thumb Code    24  stm32f10x_i2c.o(.text)
    I2C_FastModeDutyCycleConfig              0x08002d39   Thumb Code    28  stm32f10x_i2c.o(.text)
    I2C_CheckEvent                           0x08002d55   Thumb Code    42  stm32f10x_i2c.o(.text)
    I2C_GetLastEvent                         0x08002d7f   Thumb Code    26  stm32f10x_i2c.o(.text)
    I2C_GetFlagStatus                        0x08002d99   Thumb Code    58  stm32f10x_i2c.o(.text)
    I2C_ClearFlag                            0x08002dd3   Thumb Code    12  stm32f10x_i2c.o(.text)
    I2C_GetITStatus                          0x08002ddf   Thumb Code    54  stm32f10x_i2c.o(.text)
    I2C_ClearITPendingBit                    0x08002e15   Thumb Code    12  stm32f10x_i2c.o(.text)
    __use_no_semihosting                     0x08002e21   Thumb Code     2  use_no_semi_2.o(.text)
    __2printf                                0x08002e25   Thumb Code    20  noretval__2printf.o(.text)
    __2sprintf                               0x08002e3d   Thumb Code    34  noretval__2sprintf.o(.text)
    _printf_int_dec                          0x08002e65   Thumb Code   104  _printf_dec.o(.text)
    __printf                                 0x08002edd   Thumb Code   308  __printf_flags_wp.o(.text)
    strlen                                   0x08003015   Thumb Code    62  strlen.o(.text)
    __aeabi_memset                           0x08003053   Thumb Code    16  aeabi_memset.o(.text)
    __aeabi_memclr                           0x08003063   Thumb Code     0  rt_memclr.o(.text)
    __rt_memclr                              0x08003063   Thumb Code    68  rt_memclr.o(.text)
    _memset                                  0x08003067   Thumb Code     0  rt_memclr.o(.text)
    __aeabi_memclr4                          0x080030a7   Thumb Code     0  rt_memclr_w.o(.text)
    __aeabi_memclr8                          0x080030a7   Thumb Code     0  rt_memclr_w.o(.text)
    __rt_memclr_w                            0x080030a7   Thumb Code    78  rt_memclr_w.o(.text)
    _memset_w                                0x080030ab   Thumb Code     0  rt_memclr_w.o(.text)
    __use_two_region_memory                  0x080030f5   Thumb Code     2  heapauxi.o(.text)
    __rt_heap_escrow$2region                 0x080030f7   Thumb Code     2  heapauxi.o(.text)
    __rt_heap_expand$2region                 0x080030f9   Thumb Code     2  heapauxi.o(.text)
    __I$use$semihosting                      0x080030fb   Thumb Code     0  use_no_semi.o(.text)
    __use_no_semihosting_swi                 0x080030fb   Thumb Code     2  use_no_semi.o(.text)
    _printf_int_common                       0x080030fd   Thumb Code   178  _printf_intcommon.o(.text)
    __lib_sel_fp_printf                      0x080031af   Thumb Code     2  _printf_fp_dec.o(.text)
    _printf_fp_dec_real                      0x0800335d   Thumb Code   620  _printf_fp_dec.o(.text)
    _printf_char_common                      0x080035d3   Thumb Code    32  _printf_char_common.o(.text)
    _sputc                                   0x080035f9   Thumb Code    10  _sputc.o(.text)
    _printf_char_file                        0x08003605   Thumb Code    32  _printf_char_file.o(.text)
    __rt_locale                              0x08003629   Thumb Code     8  rt_locale_intlibspace.o(.text)
    _ll_udiv10                               0x08003631   Thumb Code   138  lludiv10.o(.text)
    _printf_fp_infnan                        0x080036bd   Thumb Code   112  _printf_fp_infnan.o(.text)
    _btod_etento                             0x0800373d   Thumb Code   216  bigflt0.o(.text)
    ferror                                   0x08003819   Thumb Code     8  ferror.o(.text)
    __user_libspace                          0x08003821   Thumb Code     8  libspace.o(.text)
    __user_perproc_libspace                  0x08003821   Thumb Code     0  libspace.o(.text)
    __user_perthread_libspace                0x08003821   Thumb Code     0  libspace.o(.text)
    __user_setup_stackheap                   0x08003829   Thumb Code    74  sys_stackheap_outer.o(.text)
    exit                                     0x08003873   Thumb Code    12  exit.o(.text)
    strcmp                                   0x08003881   Thumb Code   128  strcmpv7m.o(.text)
    _btod_d2e                                0x08003901   Thumb Code    62  btod.o(CL$$btod_d2e)
    _d2e_denorm_low                          0x0800393f   Thumb Code    70  btod.o(CL$$btod_d2e_denorm_low)
    _d2e_norm_op1                            0x08003985   Thumb Code    96  btod.o(CL$$btod_d2e_norm_op1)
    __btod_div_common                        0x080039e5   Thumb Code   696  btod.o(CL$$btod_div_common)
    _e2e                                     0x08003d1d   Thumb Code   198  btod.o(CL$$btod_e2e)
    _btod_ediv                               0x08003de3   Thumb Code    40  btod.o(CL$$btod_ediv)
    _btod_emul                               0x08003e0b   Thumb Code    40  btod.o(CL$$btod_emul)
    __btod_mult_common                       0x08003e33   Thumb Code   580  btod.o(CL$$btod_mult_common)
    __ARM_fpclassify                         0x08004077   Thumb Code    40  fpclassify.o(i.__ARM_fpclassify)
    _is_digit                                0x0800409f   Thumb Code    14  __printf_wp.o(i._is_digit)
    _get_lc_numeric                          0x080040ad   Thumb Code    44  lc_numeric_c.o(locale$$code)
    __aeabi_d2f                              0x080040d9   Thumb Code     0  d2f.o(x$fpl$d2f)
    _d2f                                     0x080040d9   Thumb Code    98  d2f.o(x$fpl$d2f)
    __aeabi_dadd                             0x0800413d   Thumb Code     0  daddsub_clz.o(x$fpl$dadd)
    _dadd                                    0x0800413d   Thumb Code   332  daddsub_clz.o(x$fpl$dadd)
    __fpl_dcmp_Inf                           0x0800428d   Thumb Code    24  dcmpi.o(x$fpl$dcmpinf)
    __aeabi_ddiv                             0x080042a5   Thumb Code     0  ddiv.o(x$fpl$ddiv)
    _ddiv                                    0x080042a5   Thumb Code   552  ddiv.o(x$fpl$ddiv)
    __aeabi_ui2d                             0x08004555   Thumb Code     0  dflt_clz.o(x$fpl$dfltu)
    _dfltu                                   0x08004555   Thumb Code    38  dflt_clz.o(x$fpl$dfltu)
    __aeabi_cdcmple                          0x0800457d   Thumb Code     0  dleqf.o(x$fpl$dleqf)
    _dcmple                                  0x0800457d   Thumb Code   120  dleqf.o(x$fpl$dleqf)
    __fpl_dcmple_InfNaN                      0x080045df   Thumb Code     0  dleqf.o(x$fpl$dleqf)
    __aeabi_dmul                             0x080045f5   Thumb Code     0  dmul.o(x$fpl$dmul)
    _dmul                                    0x080045f5   Thumb Code   332  dmul.o(x$fpl$dmul)
    __fpl_dnaninf                            0x08004749   Thumb Code   156  dnaninf.o(x$fpl$dnaninf)
    __fpl_dretinf                            0x080047e5   Thumb Code    12  dretinf.o(x$fpl$dretinf)
    __aeabi_cdrcmple                         0x080047f1   Thumb Code     0  drleqf.o(x$fpl$drleqf)
    _drcmple                                 0x080047f1   Thumb Code   108  drleqf.o(x$fpl$drleqf)
    __aeabi_dsub                             0x0800485d   Thumb Code     0  daddsub_clz.o(x$fpl$dsub)
    _dsub                                    0x0800485d   Thumb Code   464  daddsub_clz.o(x$fpl$dsub)
    __aeabi_f2d                              0x08004a31   Thumb Code     0  f2d.o(x$fpl$f2d)
    _f2d                                     0x08004a31   Thumb Code    86  f2d.o(x$fpl$f2d)
    __fpl_fcmp_Inf                           0x08004a87   Thumb Code    24  fcmpi.o(x$fpl$fcmpinf)
    __aeabi_fdiv                             0x08004aa1   Thumb Code     0  fdiv.o(x$fpl$fdiv)
    _fdiv                                    0x08004aa1   Thumb Code   384  fdiv.o(x$fpl$fdiv)
    __aeabi_ui2f                             0x08004c25   Thumb Code     0  fflt_clz.o(x$fpl$ffltu)
    _ffltu                                   0x08004c25   Thumb Code    38  fflt_clz.o(x$fpl$ffltu)
    __aeabi_cfcmple                          0x08004c4d   Thumb Code     0  fleqf.o(x$fpl$fleqf)
    _fcmple                                  0x08004c4d   Thumb Code   104  fleqf.o(x$fpl$fleqf)
    __fpl_fcmple_InfNaN                      0x08004c9f   Thumb Code     0  fleqf.o(x$fpl$fleqf)
    __fpl_fnaninf                            0x08004cb5   Thumb Code   140  fnaninf.o(x$fpl$fnaninf)
    __fpl_fretinf                            0x08004d41   Thumb Code    10  fretinf.o(x$fpl$fretinf)
    __aeabi_cfrcmple                         0x08004d4b   Thumb Code     0  frleqf.o(x$fpl$frleqf)
    _frcmple                                 0x08004d4b   Thumb Code    98  frleqf.o(x$fpl$frleqf)
    _printf_fp_dec                           0x08004dad   Thumb Code     4  printf1.o(x$fpl$printf1)
    F6x8                                     0x08004db0   Data         552  oled.o(.constdata)
    __I$use$fp                               0x08004db0   Number         0  usenofp.o(x$fpl$usenofp)
    F16x16_Idx                               0x08004fd8   Data          39  oled.o(.constdata)
    F16x16                                   0x08004fff   Data         608  oled.o(.constdata)
    F8X16                                    0x0800525f   Data        1520  oled.o(.constdata)
    nonside                                  0x0800584f   Data          32  oled.o(.constdata)
    Region$$Table$$Base                      0x08005958   Number         0  anon$$obj.o(Region$$Table)
    Region$$Table$$Limit                     0x08005978   Number         0  anon$$obj.o(Region$$Table)
    Fire_Range                               0x20000000   Data           4  main.o(.data)
    Smog_Range                               0x20000004   Data           4  main.o(.data)
    SystemCoreClock                          0x20000008   Data           4  system_stm32f10x.o(.data)
    AHBPrescTable                            0x2000000c   Data          16  system_stm32f10x.o(.data)
    __stdout                                 0x20000020   Data           4  usart1.o(.data)
    Usart1_Receive_length                    0x20000024   Data           2  usart1.o(.data)
    Usart1_Receive_flag                      0x20000026   Data           1  usart1.o(.data)
    Usart2_Receive_length                    0x20000028   Data           2  usart2.o(.data)
    Usart2_Receive_flag                      0x2000002a   Data           1  usart2.o(.data)
    USART1_RX_BUF                            0x20000040   Data         300  usart1.o(.bss)
    USART2_RX_BUF                            0x2000016c   Data         200  usart2.o(.bss)
    __libspace_start                         0x20000234   Data          96  libspace.o(.bss)
    __temporary_stack_top$libspace           0x20000294   Data           0  libspace.o(.bss)



==============================================================================

Memory Map of the image

  Image Entry point : 0x080000ed

  Load Region LR_IROM1 (Base: 0x08000000, Size: 0x000059d4, Max: 0x00008000, ABSOLUTE)

    Execution Region ER_IROM1 (Base: 0x08000000, Size: 0x00005994, Max: 0x00008000, ABSOLUTE)

    Base Addr    Size         Type   Attr      Idx    E Section Name        Object

    0x08000000   0x000000ec   Data   RO          355    RESET               startup_stm32f10x_ld.o
    0x080000ec   0x00000008   Code   RO          495  * !!!main             c_w.l(__main.o)
    0x080000f4   0x00000034   Code   RO          764    !!!scatter          c_w.l(__scatter.o)
    0x08000128   0x0000001a   Code   RO          766    !!handler_copy      c_w.l(__scatter_copy.o)
    0x08000142   0x00000002   PAD
    0x08000144   0x0000001c   Code   RO          768    !!handler_zi        c_w.l(__scatter_zi.o)
    0x08000160   0x00000000   Code   RO          484    .ARM.Collect$$_printf_percent$$00000000  c_w.l(_printf_percent.o)
    0x08000160   0x00000006   Code   RO          483    .ARM.Collect$$_printf_percent$$00000003  c_w.l(_printf_f.o)
    0x08000166   0x00000006   Code   RO          482    .ARM.Collect$$_printf_percent$$00000009  c_w.l(_printf_d.o)
    0x0800016c   0x00000004   Code   RO          548    .ARM.Collect$$_printf_percent$$00000017  c_w.l(_printf_percent_end.o)
    0x08000170   0x00000002   Code   RO          642    .ARM.Collect$$libinit$$00000000  c_w.l(libinit.o)
    0x08000172   0x00000000   Code   RO          644    .ARM.Collect$$libinit$$00000002  c_w.l(libinit2.o)
    0x08000172   0x00000000   Code   RO          646    .ARM.Collect$$libinit$$00000004  c_w.l(libinit2.o)
    0x08000172   0x00000000   Code   RO          649    .ARM.Collect$$libinit$$0000000A  c_w.l(libinit2.o)
    0x08000172   0x00000000   Code   RO          651    .ARM.Collect$$libinit$$0000000C  c_w.l(libinit2.o)
    0x08000172   0x00000000   Code   RO          653    .ARM.Collect$$libinit$$0000000E  c_w.l(libinit2.o)
    0x08000172   0x00000006   Code   RO          654    .ARM.Collect$$libinit$$0000000F  c_w.l(libinit2.o)
    0x08000178   0x00000000   Code   RO          656    .ARM.Collect$$libinit$$00000011  c_w.l(libinit2.o)
    0x08000178   0x00000000   Code   RO          658    .ARM.Collect$$libinit$$00000013  c_w.l(libinit2.o)
    0x08000178   0x00000000   Code   RO          660    .ARM.Collect$$libinit$$00000015  c_w.l(libinit2.o)
    0x08000178   0x0000000a   Code   RO          661    .ARM.Collect$$libinit$$00000016  c_w.l(libinit2.o)
    0x08000182   0x00000000   Code   RO          662    .ARM.Collect$$libinit$$00000017  c_w.l(libinit2.o)
    0x08000182   0x00000000   Code   RO          664    .ARM.Collect$$libinit$$00000019  c_w.l(libinit2.o)
    0x08000182   0x00000000   Code   RO          666    .ARM.Collect$$libinit$$0000001B  c_w.l(libinit2.o)
    0x08000182   0x00000000   Code   RO          668    .ARM.Collect$$libinit$$0000001D  c_w.l(libinit2.o)
    0x08000182   0x00000000   Code   RO          670    .ARM.Collect$$libinit$$0000001F  c_w.l(libinit2.o)
    0x08000182   0x00000000   Code   RO          672    .ARM.Collect$$libinit$$00000021  c_w.l(libinit2.o)
    0x08000182   0x00000000   Code   RO          674    .ARM.Collect$$libinit$$00000023  c_w.l(libinit2.o)
    0x08000182   0x00000000   Code   RO          676    .ARM.Collect$$libinit$$00000025  c_w.l(libinit2.o)
    0x08000182   0x00000000   Code   RO          680    .ARM.Collect$$libinit$$0000002C  c_w.l(libinit2.o)
    0x08000182   0x00000000   Code   RO          682    .ARM.Collect$$libinit$$0000002E  c_w.l(libinit2.o)
    0x08000182   0x00000000   Code   RO          684    .ARM.Collect$$libinit$$00000030  c_w.l(libinit2.o)
    0x08000182   0x00000000   Code   RO          686    .ARM.Collect$$libinit$$00000032  c_w.l(libinit2.o)
    0x08000182   0x00000002   Code   RO          687    .ARM.Collect$$libinit$$00000033  c_w.l(libinit2.o)
    0x08000184   0x00000002   Code   RO          715    .ARM.Collect$$libshutdown$$00000000  c_w.l(libshutdown.o)
    0x08000186   0x00000000   Code   RO          725    .ARM.Collect$$libshutdown$$00000003  c_w.l(libshutdown2.o)
    0x08000186   0x00000000   Code   RO          728    .ARM.Collect$$libshutdown$$00000006  c_w.l(libshutdown2.o)
    0x08000186   0x00000000   Code   RO          731    .ARM.Collect$$libshutdown$$00000009  c_w.l(libshutdown2.o)
    0x08000186   0x00000000   Code   RO          733    .ARM.Collect$$libshutdown$$0000000B  c_w.l(libshutdown2.o)
    0x08000186   0x00000000   Code   RO          736    .ARM.Collect$$libshutdown$$0000000E  c_w.l(libshutdown2.o)
    0x08000186   0x00000002   Code   RO          737    .ARM.Collect$$libshutdown$$0000000F  c_w.l(libshutdown2.o)
    0x08000188   0x00000000   Code   RO          537    .ARM.Collect$$rtentry$$00000000  c_w.l(__rtentry.o)
    0x08000188   0x00000000   Code   RO          563    .ARM.Collect$$rtentry$$00000002  c_w.l(__rtentry2.o)
    0x08000188   0x00000006   Code   RO          575    .ARM.Collect$$rtentry$$00000004  c_w.l(__rtentry4.o)
    0x0800018e   0x00000000   Code   RO          565    .ARM.Collect$$rtentry$$00000009  c_w.l(__rtentry2.o)
    0x0800018e   0x00000004   Code   RO          566    .ARM.Collect$$rtentry$$0000000A  c_w.l(__rtentry2.o)
    0x08000192   0x00000000   Code   RO          568    .ARM.Collect$$rtentry$$0000000C  c_w.l(__rtentry2.o)
    0x08000192   0x00000008   Code   RO          569    .ARM.Collect$$rtentry$$0000000D  c_w.l(__rtentry2.o)
    0x0800019a   0x00000002   Code   RO          688    .ARM.Collect$$rtexit$$00000000  c_w.l(rtexit.o)
    0x0800019c   0x00000000   Code   RO          695    .ARM.Collect$$rtexit$$00000002  c_w.l(rtexit2.o)
    0x0800019c   0x00000004   Code   RO          696    .ARM.Collect$$rtexit$$00000003  c_w.l(rtexit2.o)
    0x080001a0   0x00000006   Code   RO          697    .ARM.Collect$$rtexit$$00000004  c_w.l(rtexit2.o)
    0x080001a6   0x00000002   PAD
    0x080001a8   0x00000330   Code   RO            1    .text               main.o
    0x080004d8   0x0000001a   Code   RO          141    .text               stm32f10x_it.o
    0x080004f2   0x00000002   PAD
    0x080004f4   0x000001e0   Code   RO          182    .text               system_stm32f10x.o
    0x080006d4   0x00000038   Code   RO          200    .text               led.o
    0x0800070c   0x000002fc   Code   RO          228    .text               aht10.o
    0x08000a08   0x000007a0   Code   RO          240    .text               oled.o
    0x080011a8   0x000000e8   Code   RO          258    .text               soil.o
    0x08001290   0x000000d4   Code   RO          270    .text               delay.o
    0x08001364   0x00000208   Code   RO          301    .text               usart1.o
    0x0800156c   0x000001ec   Code   RO          324    .text               usart2.o
    0x08001758   0x0000003c   Code   RO          356    .text               startup_stm32f10x_ld.o
    0x08001794   0x000000dc   Code   RO          360    .text               misc.o
    0x08001870   0x0000035c   Code   RO          372    .text               stm32f10x_gpio.o
    0x08001bcc   0x000003a4   Code   RO          384    .text               stm32f10x_rcc.o
    0x08001f70   0x00000408   Code   RO          398    .text               stm32f10x_usart.o
    0x08002378   0x00000254   Code   RO          410    .text               stm32f10x_dma.o
    0x080025cc   0x0000044e   Code   RO          422    .text               stm32f10x_adc.o
    0x08002a1a   0x00000002   PAD
    0x08002a1c   0x00000404   Code   RO          434    .text               stm32f10x_i2c.o
    0x08002e20   0x00000002   Code   RO          448    .text               c_w.l(use_no_semi_2.o)
    0x08002e22   0x00000002   PAD
    0x08002e24   0x00000018   Code   RO          454    .text               c_w.l(noretval__2printf.o)
    0x08002e3c   0x00000028   Code   RO          456    .text               c_w.l(noretval__2sprintf.o)
    0x08002e64   0x00000078   Code   RO          460    .text               c_w.l(_printf_dec.o)
    0x08002edc   0x00000138   Code   RO          474    .text               c_w.l(__printf_flags_wp.o)
    0x08003014   0x0000003e   Code   RO          485    .text               c_w.l(strlen.o)
    0x08003052   0x00000010   Code   RO          487    .text               c_w.l(aeabi_memset.o)
    0x08003062   0x00000044   Code   RO          489    .text               c_w.l(rt_memclr.o)
    0x080030a6   0x0000004e   Code   RO          491    .text               c_w.l(rt_memclr_w.o)
    0x080030f4   0x00000006   Code   RO          493    .text               c_w.l(heapauxi.o)
    0x080030fa   0x00000002   Code   RO          535    .text               c_w.l(use_no_semi.o)
    0x080030fc   0x000000b2   Code   RO          538    .text               c_w.l(_printf_intcommon.o)
    0x080031ae   0x0000041a   Code   RO          540    .text               c_w.l(_printf_fp_dec.o)
    0x080035c8   0x00000030   Code   RO          542    .text               c_w.l(_printf_char_common.o)
    0x080035f8   0x0000000a   Code   RO          544    .text               c_w.l(_sputc.o)
    0x08003602   0x00000002   PAD
    0x08003604   0x00000024   Code   RO          546    .text               c_w.l(_printf_char_file.o)
    0x08003628   0x00000008   Code   RO          580    .text               c_w.l(rt_locale_intlibspace.o)
    0x08003630   0x0000008a   Code   RO          582    .text               c_w.l(lludiv10.o)
    0x080036ba   0x00000002   PAD
    0x080036bc   0x00000080   Code   RO          584    .text               c_w.l(_printf_fp_infnan.o)
    0x0800373c   0x000000dc   Code   RO          588    .text               c_w.l(bigflt0.o)
    0x08003818   0x00000008   Code   RO          613    .text               c_w.l(ferror.o)
    0x08003820   0x00000008   Code   RO          628    .text               c_w.l(libspace.o)
    0x08003828   0x0000004a   Code   RO          631    .text               c_w.l(sys_stackheap_outer.o)
    0x08003872   0x0000000c   Code   RO          633    .text               c_w.l(exit.o)
    0x0800387e   0x00000002   PAD
    0x08003880   0x00000080   Code   RO          635    .text               c_w.l(strcmpv7m.o)
    0x08003900   0x0000003e   Code   RO          591    CL$$btod_d2e        c_w.l(btod.o)
    0x0800393e   0x00000046   Code   RO          593    CL$$btod_d2e_denorm_low  c_w.l(btod.o)
    0x08003984   0x00000060   Code   RO          592    CL$$btod_d2e_norm_op1  c_w.l(btod.o)
    0x080039e4   0x00000338   Code   RO          601    CL$$btod_div_common  c_w.l(btod.o)
    0x08003d1c   0x000000c6   Code   RO          598    CL$$btod_e2e        c_w.l(btod.o)
    0x08003de2   0x00000028   Code   RO          595    CL$$btod_ediv       c_w.l(btod.o)
    0x08003e0a   0x00000028   Code   RO          594    CL$$btod_emul       c_w.l(btod.o)
    0x08003e32   0x00000244   Code   RO          600    CL$$btod_mult_common  c_w.l(btod.o)
    0x08004076   0x00000028   Code   RO          626    i.__ARM_fpclassify  m_ws.l(fpclassify.o)
    0x0800409e   0x0000000e   Code   RO          472    i._is_digit         c_w.l(__printf_wp.o)
    0x080040ac   0x0000002c   Code   RO          618    locale$$code        c_w.l(lc_numeric_c.o)
    0x080040d8   0x00000062   Code   RO          497    x$fpl$d2f           fz_ws.l(d2f.o)
    0x0800413a   0x00000002   PAD
    0x0800413c   0x00000150   Code   RO          499    x$fpl$dadd          fz_ws.l(daddsub_clz.o)
    0x0800428c   0x00000018   Code   RO          620    x$fpl$dcmpinf       fz_ws.l(dcmpi.o)
    0x080042a4   0x000002b0   Code   RO          506    x$fpl$ddiv          fz_ws.l(ddiv.o)
    0x08004554   0x00000026   Code   RO          509    x$fpl$dfltu         fz_ws.l(dflt_clz.o)
    0x0800457a   0x00000002   PAD
    0x0800457c   0x00000078   Code   RO          549    x$fpl$dleqf         fz_ws.l(dleqf.o)
    0x080045f4   0x00000154   Code   RO          515    x$fpl$dmul          fz_ws.l(dmul.o)
    0x08004748   0x0000009c   Code   RO          551    x$fpl$dnaninf       fz_ws.l(dnaninf.o)
    0x080047e4   0x0000000c   Code   RO          553    x$fpl$dretinf       fz_ws.l(dretinf.o)
    0x080047f0   0x0000006c   Code   RO          517    x$fpl$drleqf        fz_ws.l(drleqf.o)
    0x0800485c   0x000001d4   Code   RO          501    x$fpl$dsub          fz_ws.l(daddsub_clz.o)
    0x08004a30   0x00000056   Code   RO          519    x$fpl$f2d           fz_ws.l(f2d.o)
    0x08004a86   0x00000018   Code   RO          622    x$fpl$fcmpinf       fz_ws.l(fcmpi.o)
    0x08004a9e   0x00000002   PAD
    0x08004aa0   0x00000184   Code   RO          522    x$fpl$fdiv          fz_ws.l(fdiv.o)
    0x08004c24   0x00000026   Code   RO          525    x$fpl$ffltu         fz_ws.l(fflt_clz.o)
    0x08004c4a   0x00000002   PAD
    0x08004c4c   0x00000068   Code   RO          555    x$fpl$fleqf         fz_ws.l(fleqf.o)
    0x08004cb4   0x0000008c   Code   RO          557    x$fpl$fnaninf       fz_ws.l(fnaninf.o)
    0x08004d40   0x0000000a   Code   RO          559    x$fpl$fretinf       fz_ws.l(fretinf.o)
    0x08004d4a   0x00000062   Code   RO          531    x$fpl$frleqf        fz_ws.l(frleqf.o)
    0x08004dac   0x00000004   Code   RO          533    x$fpl$printf1       fz_ws.l(printf1.o)
    0x08004db0   0x00000000   Code   RO          561    x$fpl$usenofp       fz_ws.l(usenofp.o)
    0x08004db0   0x00000abf   Data   RO          241    .constdata          oled.o
    0x0800586f   0x00000011   Data   RO          475    .constdata          c_w.l(__printf_flags_wp.o)
    0x08005880   0x00000094   Data   RO          589    .constdata          c_w.l(bigflt0.o)
    0x08005914   0x00000044   Data   RO            2    .conststring        main.o
    0x08005958   0x00000020   Data   RO          762    Region$$Table       anon$$obj.o
    0x08005978   0x0000001c   Data   RO          617    locale$$data        c_w.l(lc_numeric_c.o)


    Execution Region RW_IRAM1 (Base: 0x20000000, Size: 0x00000498, Max: 0x00002800, ABSOLUTE)

    Base Addr    Size         Type   Attr      Idx    E Section Name        Object

    0x20000000   0x00000008   Data   RW            3    .data               main.o
    0x20000008   0x00000014   Data   RW          183    .data               system_stm32f10x.o
    0x2000001c   0x00000004   Data   RW          271    .data               delay.o
    0x20000020   0x00000007   Data   RW          303    .data               usart1.o
    0x20000027   0x00000001   PAD
    0x20000028   0x00000003   Data   RW          326    .data               usart2.o
    0x2000002b   0x00000014   Data   RW          385    .data               stm32f10x_rcc.o
    0x2000003f   0x00000001   PAD
    0x20000040   0x0000012c   Zero   RW          302    .bss                usart1.o
    0x2000016c   0x000000c8   Zero   RW          325    .bss                usart2.o
    0x20000234   0x00000060   Zero   RW          629    .bss                c_w.l(libspace.o)
    0x20000294   0x00000004   PAD
    0x20000298   0x00000000   Zero   RW          354    HEAP                startup_stm32f10x_ld.o
    0x20000298   0x00000200   Zero   RW          353    STACK               startup_stm32f10x_ld.o


==============================================================================

Image component sizes


      Code (inc. data)   RO Data    RW Data    ZI Data      Debug   Object Name

       764         38          0          0          0       2045   aht10.o
       212         18          0          4          0       1031   delay.o
        56          6          0          0          0        487   led.o
       816         98         68          8          0     259212   main.o
       220         22          0          0          0       1809   misc.o
      1952         38       2751          0          0       7145   oled.o
       232          8          0          0          0       1079   soil.o
        60         22        236          0        512        796   startup_stm32f10x_ld.o
      1102         26          0          0          0      10841   stm32f10x_adc.o
       596          8          0          0          0       4338   stm32f10x_dma.o
       860         38          0          0          0       5653   stm32f10x_gpio.o
      1028         16          0          0          0       9115   stm32f10x_i2c.o
        26          0          0          0          0       1186   stm32f10x_it.o
       932         36          0         20          0       8828   stm32f10x_rcc.o
      1032         22          0          0          0       8380   stm32f10x_usart.o
         0          0          0          0          0         32   sys.o
       480         38          0         20          0       1755   system_stm32f10x.o
       520         26          0          7        300       4530   usart1.o
       492         24          0          3        200       2922   usart2.o

    ----------------------------------------------------------------------
     11384        484       3087         64       1012     331184   Object Totals
         0          0         32          0          0          0   (incl. Generated)
         4          0          0          2          0          0   (incl. Padding)

    ----------------------------------------------------------------------

      Code (inc. data)   RO Data    RW Data    ZI Data      Debug   Library Member Name

         8          0          0          0          0         68   __main.o
       312          4         17          0          0         92   __printf_flags_wp.o
        14          0          0          0          0         68   __printf_wp.o
         0          0          0          0          0          0   __rtentry.o
        12          0          0          0          0          0   __rtentry2.o
         6          0          0          0          0          0   __rtentry4.o
        52          8          0          0          0          0   __scatter.o
        26          0          0          0          0          0   __scatter_copy.o
        28          0          0          0          0          0   __scatter_zi.o
        48          6          0          0          0         96   _printf_char_common.o
        36          4          0          0          0         80   _printf_char_file.o
         6          0          0          0          0          0   _printf_d.o
       120         16          0          0          0         92   _printf_dec.o
         6          0          0          0          0          0   _printf_f.o
      1050          0          0          0          0        216   _printf_fp_dec.o
       128         16          0          0          0         84   _printf_fp_infnan.o
       178          0          0          0          0         88   _printf_intcommon.o
         0          0          0          0          0          0   _printf_percent.o
         4          0          0          0          0          0   _printf_percent_end.o
        10          0          0          0          0         68   _sputc.o
        16          0          0          0          0         68   aeabi_memset.o
       220          4        148          0          0         96   bigflt0.o
      1910        128          0          0          0        672   btod.o
        12          0          0          0          0         72   exit.o
         8          0          0          0          0         68   ferror.o
         6          0          0          0          0        152   heapauxi.o
        44         10         28          0          0         76   lc_numeric_c.o
         2          0          0          0          0          0   libinit.o
        18          0          0          0          0          0   libinit2.o
         2          0          0          0          0          0   libshutdown.o
         2          0          0          0          0          0   libshutdown2.o
         8          4          0          0         96         68   libspace.o
       138          0          0          0          0         80   lludiv10.o
        24          4          0          0          0         84   noretval__2printf.o
        40          6          0          0          0         84   noretval__2sprintf.o
         8          4          0          0          0         68   rt_locale_intlibspace.o
        68          0          0          0          0         68   rt_memclr.o
        78          0          0          0          0         80   rt_memclr_w.o
         2          0          0          0          0          0   rtexit.o
        10          0          0          0          0          0   rtexit2.o
       128          0          0          0          0         68   strcmpv7m.o
        62          0          0          0          0         76   strlen.o
        74          0          0          0          0         80   sys_stackheap_outer.o
         2          0          0          0          0         68   use_no_semi.o
         2          0          0          0          0         68   use_no_semi_2.o
        98          4          0          0          0         92   d2f.o
       804         16          0          0          0        272   daddsub_clz.o
        24          0          0          0          0         68   dcmpi.o
       688        140          0          0          0        208   ddiv.o
        38          0          0          0          0         68   dflt_clz.o
       120          4          0          0          0         92   dleqf.o
       340         12          0          0          0        104   dmul.o
       156          4          0          0          0         92   dnaninf.o
        12          0          0          0          0         68   dretinf.o
       108          0          0          0          0         80   drleqf.o
        86          4          0          0          0         84   f2d.o
        24          0          0          0          0         68   fcmpi.o
       388         76          0          0          0         96   fdiv.o
        38          0          0          0          0         68   fflt_clz.o
       104          4          0          0          0         84   fleqf.o
       140          4          0          0          0         84   fnaninf.o
        10          0          0          0          0         68   fretinf.o
        98          0          0          0          0         68   frleqf.o
         4          0          0          0          0         68   printf1.o
         0          0          0          0          0          0   usenofp.o
        40          0          0          0          0         68   fpclassify.o

    ----------------------------------------------------------------------
      8268        482        193          0        100       4948   Library Totals
        20          0          0          0          4          0   (incl. Padding)

    ----------------------------------------------------------------------

      Code (inc. data)   RO Data    RW Data    ZI Data      Debug   Library Name

      4928        214        193          0         96       3048   c_w.l
      3280        268          0          0          0       1832   fz_ws.l
        40          0          0          0          0         68   m_ws.l

    ----------------------------------------------------------------------
      8268        482        193          0        100       4948   Library Totals

    ----------------------------------------------------------------------

==============================================================================


      Code (inc. data)   RO Data    RW Data    ZI Data      Debug   

     19652        966       3280         64       1112     331812   Grand Totals
     19652        966       3280         64       1112     331812   ELF Image Totals
     19652        966       3280         64          0          0   ROM Totals

==============================================================================

    Total RO  Size (Code + RO Data)                22932 (  22.39kB)
    Total RW  Size (RW Data + ZI Data)              1176 (   1.15kB)
    Total ROM Size (Code + RO Data + RW Data)      22996 (  22.46kB)

==============================================================================

